[0.017s] Invoking command in '/home/j/e2e_ws/build/turtlebot3_gazebo': CMAKE_PREFIX_PATH=${CMAKE_PREFIX_PATH}:/home/j/e2e_ws/install/yolo_ros:/home/j/e2e_ws/install/ros2_aruco:/opt/ros/humble /usr/bin/cmake /home/j/e2e_ws/src/turtlebot3_simulations-humble/turtlebot3_gazebo -DCMAKE_INSTALL_PREFIX=/home/j/e2e_ws/install/turtlebot3_gazebo
[0.186s] -- The C compiler identification is GNU 11.4.0
[0.186s] -- The CXX compiler identification is GNU 11.4.0
[0.186s] -- Detecting C compiler ABI info
[0.186s] -- Detecting C compiler ABI info - done
[0.186s] -- Check for working C compiler: /usr/bin/cc - skipped
[0.187s] -- Detecting C compile features
[0.187s] -- Detecting C compile features - done
[0.187s] -- Detecting CXX compiler ABI info
[0.223s] -- Detecting CXX compiler ABI info - done
[0.229s] -- Check for working CXX compiler: /usr/bin/c++ - skipped
[0.229s] -- Detecting CXX compile features
[0.229s] -- Detecting CXX compile features - done
[0.230s] -- Found ament_cmake: 1.3.11 (/opt/ros/humble/share/ament_cmake/cmake)
[0.373s] -- Found Python3: /usr/bin/python3 (found version "3.10.12") found components: Interpreter 
[0.456s] [33mCMake Warning (dev) at /usr/share/cmake-3.22/Modules/FindPackageHandleStandardArgs.cmake:438 (message):
[0.457s]   The package name passed to `find_package_handle_standard_args` (PkgConfig)
[0.457s]   does not match the name of the calling package (gazebo).  This can lead to
[0.457s]   problems in calling code that expects `find_package` result variables
[0.457s]   (e.g., `_FOUND`) to follow a certain pattern.
[0.457s] Call Stack (most recent call first):
[0.457s]   /usr/share/cmake-3.22/Modules/FindPkgConfig.cmake:99 (find_package_handle_standard_args)
[0.457s]   /usr/lib/x86_64-linux-gnu/cmake/gazebo/gazebo-config.cmake:72 (include)
[0.457s]   CMakeLists.txt:23 (find_package)
[0.457s] This warning is for project developers.  Use -Wno-dev to suppress it.
[0.457s] [0m
[0.457s] -- Found PkgConfig: /usr/bin/pkg-config (found version "0.29.2") 
[0.460s] -- Checking for module 'bullet>=2.82'
[0.472s] --   Found bullet, version 3.05
[0.560s] -- Found fcl: /usr/include (found suitable version "0.7.0", minimum required is "0.5.0") 
[0.601s] -- Found assimp: /usr/include (found version "5.2.0") 
[0.615s] -- Found DART: /usr/include (Required is at least version "6.6") found components: dart 
[0.771s] -- Found Boost: /usr/lib/x86_64-linux-gnu/cmake/Boost-1.74.0/BoostConfig.cmake (found suitable version "1.74.0", minimum required is "1.40.0") found components: thread system filesystem program_options regex iostreams date_time 
[0.787s] -- Found Protobuf: /usr/lib/x86_64-linux-gnu/libprotobuf.so (found version "3.12.4") 
[0.791s] -- Looking for ignition-math6 -- found version 6.15.1
[0.797s] -- Searching for dependencies of ignition-math6
[0.798s] -- Looking for OGRE...
[0.798s] -- OGRE_PREFIX_WATCH changed.
[0.802s] -- Checking for module 'OGRE'
[0.813s] --   Found OGRE, version 1.9.0
[0.840s] -- Found Ogre Ghadamon (1.9.0)
[0.847s] -- Found OGRE: optimized;/usr/lib/x86_64-linux-gnu/libOgreMain.so;debug;/usr/lib/x86_64-linux-gnu/libOgreMain.so
[0.855s] -- Looking for OGRE_Paging...
[0.858s] -- Found OGRE_Paging: optimized;/usr/lib/x86_64-linux-gnu/libOgrePaging.so;debug;/usr/lib/x86_64-linux-gnu/libOgrePaging.so
[0.858s] -- Looking for OGRE_Terrain...
[0.862s] -- Found OGRE_Terrain: optimized;/usr/lib/x86_64-linux-gnu/libOgreTerrain.so;debug;/usr/lib/x86_64-linux-gnu/libOgreTerrain.so
[0.862s] -- Looking for OGRE_Property...
[0.865s] -- Found OGRE_Property: optimized;/usr/lib/x86_64-linux-gnu/libOgreProperty.so;debug;/usr/lib/x86_64-linux-gnu/libOgreProperty.so
[0.865s] -- Looking for OGRE_RTShaderSystem...
[0.868s] -- Found OGRE_RTShaderSystem: optimized;/usr/lib/x86_64-linux-gnu/libOgreRTShaderSystem.so;debug;/usr/lib/x86_64-linux-gnu/libOgreRTShaderSystem.so
[0.868s] -- Looking for OGRE_Volume...
[0.871s] -- Found OGRE_Volume: optimized;/usr/lib/x86_64-linux-gnu/libOgreVolume.so;debug;/usr/lib/x86_64-linux-gnu/libOgreVolume.so
[0.871s] -- Looking for OGRE_Overlay...
[0.874s] -- Found OGRE_Overlay: optimized;/usr/lib/x86_64-linux-gnu/libOgreOverlay.so;debug;/usr/lib/x86_64-linux-gnu/libOgreOverlay.so
[0.942s] -- Looking for ignition-math6 -- found version 6.15.1
[0.943s] -- Looking for ignition-transport8 -- found version 8.2.1
[0.943s] -- Searching for dependencies of ignition-transport8
[0.956s] -- Found Protobuf: /usr/lib/x86_64-linux-gnu/libprotobuf.so (found suitable version "3.12.4", minimum required is "3") 
[0.962s] -- Config-file not installed for ZeroMQ -- checking for pkg-config
[0.966s] -- Checking for module 'libzmq >= 4'
[0.977s] --   Found libzmq , version 4.3.4
[1.007s] -- Found ZeroMQ: TRUE (Required is at least version "4") 
[1.012s] -- Checking for module 'uuid'
[1.024s] --   Found uuid, version 2.37.2
[1.052s] -- Found UUID: TRUE  
[1.054s] -- Looking for ignition-msgs5 -- found version 5.8.1
[1.054s] -- Searching for dependencies of ignition-msgs5
[1.068s] -- Looking for ignition-math6 -- found version 6.15.1
[1.073s] -- Checking for module 'tinyxml2'
[1.082s] --   Found tinyxml2, version 9.0.0
[1.108s] -- Looking for ignition-msgs5 -- found version 5.8.1
[1.110s] -- Looking for ignition-common3 -- found version 3.14.0
[1.110s] -- Searching for dependencies of ignition-common3
[1.110s] -- Looking for dlfcn.h - found
[1.112s] -- Looking for libdl - found
[1.113s] -- Found DL: TRUE  
[1.123s] -- Found tinyobjloader: /usr/lib/x86_64-linux-gnu/cmake/tinyobjloader/tinyobjloader-config.cmake (found version "2.0.0") 
[1.123s] -- Searching for <ignition-common3> component [graphics]
[1.124s] -- Looking for ignition-common3-graphics -- found version 3.14.0
[1.125s] -- Searching for dependencies of ignition-common3-graphics
[1.125s] -- Looking for ignition-math6 -- found version 6.15.1
[1.126s] -- Looking for ignition-fuel_tools4 -- found version 4.4.0
[1.127s] -- Searching for dependencies of ignition-fuel_tools4
[1.189s] -- Found CURL: /usr/lib/x86_64-linux-gnu/libcurl.so (found version "7.81.0")  
[1.195s] -- Checking for module 'jsoncpp'
[1.205s] --   Found jsoncpp, version 1.9.5
[1.234s] -- Found JSONCPP: TRUE  
[1.240s] -- Checking for module 'libzip'
[1.251s] --   Found libzip, version 1.7.3
[1.278s] -- Found ZIP: TRUE  
[1.278s] -- Looking for ignition-common3 -- found version 3.14.0
[1.278s] -- Looking for ignition-math6 -- found version 6.15.1
[1.279s] -- Looking for ignition-msgs5 -- found version 5.8.1
[1.282s] -- Found gazebo_ros_pkgs: 3.9.0 (/opt/ros/humble/share/gazebo_ros_pkgs/cmake)
[1.283s] -- Found geometry_msgs: 4.8.0 (/opt/ros/humble/share/geometry_msgs/cmake)
[1.301s] -- Found rosidl_generator_c: 3.1.6 (/opt/ros/humble/share/rosidl_generator_c/cmake)
[1.304s] -- Found rosidl_adapter: 3.1.6 (/opt/ros/humble/share/rosidl_adapter/cmake)
[1.309s] -- Found rosidl_generator_cpp: 3.1.6 (/opt/ros/humble/share/rosidl_generator_cpp/cmake)
[1.317s] -- Using all available rosidl_typesupport_c: rosidl_typesupport_fastrtps_c;rosidl_typesupport_introspection_c
[1.327s] -- Using all available rosidl_typesupport_cpp: rosidl_typesupport_fastrtps_cpp;rosidl_typesupport_introspection_cpp
[1.353s] -- Found nav_msgs: 4.8.0 (/opt/ros/humble/share/nav_msgs/cmake)
[1.364s] -- Found rclcpp: 16.0.12 (/opt/ros/humble/share/rclcpp/cmake)
[1.386s] -- Found rmw_implementation_cmake: 6.1.2 (/opt/ros/humble/share/rmw_implementation_cmake/cmake)
[1.388s] -- Found rmw_fastrtps_cpp: 6.2.7 (/opt/ros/humble/share/rmw_fastrtps_cpp/cmake)
[1.458s] -- Found OpenSSL: /usr/lib/x86_64-linux-gnu/libcrypto.so (found version "3.0.2")  
[1.481s] -- Found FastRTPS: /opt/ros/humble/include  
[1.519s] -- Using RMW implementation 'rmw_fastrtps_cpp' as default
[1.525s] -- Found Threads: TRUE  
[1.554s] -- Found sensor_msgs: 4.8.0 (/opt/ros/humble/share/sensor_msgs/cmake)
[1.569s] -- Found tf2: 0.25.12 (/opt/ros/humble/share/tf2/cmake)
[1.632s] -- Configuring done
[1.659s] -- Generating done
[1.666s] -- Build files have been written to: /home/j/e2e_ws/build/turtlebot3_gazebo
[1.677s] Invoked command in '/home/j/e2e_ws/build/turtlebot3_gazebo' returned '0': CMAKE_PREFIX_PATH=${CMAKE_PREFIX_PATH}:/home/j/e2e_ws/install/yolo_ros:/home/j/e2e_ws/install/ros2_aruco:/opt/ros/humble /usr/bin/cmake /home/j/e2e_ws/src/turtlebot3_simulations-humble/turtlebot3_gazebo -DCMAKE_INSTALL_PREFIX=/home/j/e2e_ws/install/turtlebot3_gazebo
[1.679s] Invoking command in '/home/j/e2e_ws/build/turtlebot3_gazebo': CMAKE_PREFIX_PATH=${CMAKE_PREFIX_PATH}:/home/j/e2e_ws/install/yolo_ros:/home/j/e2e_ws/install/ros2_aruco:/opt/ros/humble /usr/bin/cmake --build /home/j/e2e_ws/build/turtlebot3_gazebo -- -j22 -l22
[1.719s] [  8%] [32mBuilding CXX object CMakeFiles/turtlebot3_drive.dir/src/turtlebot3_drive.cpp.o[0m
[1.720s] [ 16%] [32mBuilding CXX object CMakeFiles/obstacle1.dir/src/obstacle1.cpp.o[0m
[1.721s] [ 25%] [32mBuilding CXX object CMakeFiles/traffic_light_plugin.dir/src/traffic_light_plugin.cpp.o[0m
[1.721s] [ 33%] [32mBuilding CXX object CMakeFiles/traffic_bar_plugin.dir/src/traffic_bar_plugin.cpp.o[0m
[1.721s] [ 41%] [32mBuilding CXX object CMakeFiles/obstacle2.dir/src/obstacle2.cpp.o[0m
[1.722s] [ 50%] [32mBuilding CXX object CMakeFiles/obstacles.dir/src/obstacles.cpp.o[0m
[13.030s] [ 58%] [32m[1mLinking CXX shared library libobstacle2.so[0m
[13.127s] [ 66%] [32m[1mLinking CXX shared library libobstacle1.so[0m
[13.215s] [ 66%] Built target obstacle2
[13.263s] [ 75%] [32m[1mLinking CXX shared library libobstacles.so[0m
[13.311s] [ 75%] Built target obstacle1
[13.520s] [ 75%] Built target obstacles
[13.520s] [ 83%] [32m[1mLinking CXX shared library libtraffic_light_plugin.so[0m
[13.752s] [ 83%] Built target traffic_light_plugin
[13.994s] [ 91%] [32m[1mLinking CXX executable turtlebot3_drive[0m
[14.148s] [100%] [32m[1mLinking CXX shared library libtraffic_bar_plugin.so[0m
[14.335s] [100%] Built target traffic_bar_plugin
[14.449s] [100%] Built target turtlebot3_drive
