-- The C compiler identification is GNU 11.4.0
-- The CXX compiler identification is GNU 11.4.0
-- Detecting C compiler ABI info
-- Detecting C compiler ABI info - done
-- Check for working C compiler: /usr/bin/cc - skipped
-- Detecting C compile features
-- Detecting C compile features - done
-- Detecting CXX compiler ABI info
-- Detecting CXX compiler ABI info - done
-- Check for working CXX compiler: /usr/bin/c++ - skipped
-- Detecting CXX compile features
-- Detecting CXX compile features - done
-- Found ament_cmake: 1.3.11 (/opt/ros/humble/share/ament_cmake/cmake)
-- Found Python3: /usr/bin/python3 (found version "3.10.12") found components: Interpreter 
-- Found ament_lint_auto: 0.12.12 (/opt/ros/humble/share/ament_lint_auto/cmake)
-- Added test 'lint_cmake' to check CMake code style
-- Added test 'xmllint' to check XML markup files
-- Configuring done
-- Generating done
-- Build files have been written to: /home/j/e2e_ws/build/e2e_meta
-- Install configuration: ""
-- Installing: /home/j/e2e_ws/install/e2e_meta/share/ament_index/resource_index/package_run_dependencies/e2e_meta
-- Installing: /home/j/e2e_ws/install/e2e_meta/share/ament_index/resource_index/parent_prefix_path/e2e_meta
-- Installing: /home/j/e2e_ws/install/e2e_meta/share/e2e_meta/environment/ament_prefix_path.sh
-- Installing: /home/j/e2e_ws/install/e2e_meta/share/e2e_meta/environment/ament_prefix_path.dsv
-- Installing: /home/j/e2e_ws/install/e2e_meta/share/e2e_meta/environment/path.sh
-- Installing: /home/j/e2e_ws/install/e2e_meta/share/e2e_meta/environment/path.dsv
-- Installing: /home/j/e2e_ws/install/e2e_meta/share/e2e_meta/local_setup.bash
-- Installing: /home/j/e2e_ws/install/e2e_meta/share/e2e_meta/local_setup.sh
-- Installing: /home/j/e2e_ws/install/e2e_meta/share/e2e_meta/local_setup.zsh
-- Installing: /home/j/e2e_ws/install/e2e_meta/share/e2e_meta/local_setup.dsv
-- Installing: /home/j/e2e_ws/install/e2e_meta/share/e2e_meta/package.dsv
-- Installing: /home/j/e2e_ws/install/e2e_meta/share/ament_index/resource_index/packages/e2e_meta
-- Installing: /home/j/e2e_ws/install/e2e_meta/share/e2e_meta/cmake/e2e_metaConfig.cmake
-- Installing: /home/j/e2e_ws/install/e2e_meta/share/e2e_meta/cmake/e2e_metaConfig-version.cmake
-- Installing: /home/j/e2e_ws/install/e2e_meta/share/e2e_meta/package.xml
