[0.016s] Invoking command in '/home/j/e2e_ws/build/e2e_meta': CMAKE_PREFIX_PATH=${CMAKE_PREFIX_PATH}:/home/j/e2e_ws/install/yolo_ros:/home/j/e2e_ws/install/ros2_aruco:/opt/ros/humble /usr/bin/cmake /home/j/e2e_ws/src/e2e_meta -DCMAKE_INSTALL_PREFIX=/home/j/e2e_ws/install/e2e_meta
[0.186s] -- The C compiler identification is GNU 11.4.0
[0.186s] -- The CXX compiler identification is GNU 11.4.0
[0.187s] -- Detecting C compiler ABI info
[0.187s] -- Detecting C compiler ABI info - done
[0.187s] -- Check for working C compiler: /usr/bin/cc - skipped
[0.188s] -- Detecting C compile features
[0.188s] -- Detecting C compile features - done
[0.188s] -- Detecting CXX compiler ABI info
[0.229s] -- Detecting CXX compiler ABI info - done
[0.237s] -- Check for working CXX compiler: /usr/bin/c++ - skipped
[0.238s] -- Detecting CXX compile features
[0.238s] -- Detecting CXX compile features - done
[0.241s] -- Found ament_cmake: 1.3.11 (/opt/ros/humble/share/ament_cmake/cmake)
[0.368s] -- Found Python3: /usr/bin/python3 (found version "3.10.12") found components: Interpreter 
[0.444s] -- Found ament_lint_auto: 0.12.12 (/opt/ros/humble/share/ament_lint_auto/cmake)
[0.535s] -- Added test 'lint_cmake' to check CMake code style
[0.538s] -- Added test 'xmllint' to check XML markup files
[0.538s] -- Configuring done
[0.540s] -- Generating done
[0.541s] -- Build files have been written to: /home/j/e2e_ws/build/e2e_meta
[0.547s] Invoked command in '/home/j/e2e_ws/build/e2e_meta' returned '0': CMAKE_PREFIX_PATH=${CMAKE_PREFIX_PATH}:/home/j/e2e_ws/install/yolo_ros:/home/j/e2e_ws/install/ros2_aruco:/opt/ros/humble /usr/bin/cmake /home/j/e2e_ws/src/e2e_meta -DCMAKE_INSTALL_PREFIX=/home/j/e2e_ws/install/e2e_meta
[0.549s] Invoking command in '/home/j/e2e_ws/build/e2e_meta': CMAKE_PREFIX_PATH=${CMAKE_PREFIX_PATH}:/home/j/e2e_ws/install/yolo_ros:/home/j/e2e_ws/install/ros2_aruco:/opt/ros/humble /usr/bin/cmake --build /home/j/e2e_ws/build/e2e_meta -- -j22 -l22
[0.575s] Invoked command in '/home/j/e2e_ws/build/e2e_meta' returned '0': CMAKE_PREFIX_PATH=${CMAKE_PREFIX_PATH}:/home/j/e2e_ws/install/yolo_ros:/home/j/e2e_ws/install/ros2_aruco:/opt/ros/humble /usr/bin/cmake --build /home/j/e2e_ws/build/e2e_meta -- -j22 -l22
[0.582s] Invoking command in '/home/j/e2e_ws/build/e2e_meta': CMAKE_PREFIX_PATH=${CMAKE_PREFIX_PATH}:/home/j/e2e_ws/install/yolo_ros:/home/j/e2e_ws/install/ros2_aruco:/opt/ros/humble /usr/bin/cmake --install /home/j/e2e_ws/build/e2e_meta
[0.587s] -- Install configuration: ""
[0.587s] -- Installing: /home/j/e2e_ws/install/e2e_meta/share/ament_index/resource_index/package_run_dependencies/e2e_meta
[0.587s] -- Installing: /home/j/e2e_ws/install/e2e_meta/share/ament_index/resource_index/parent_prefix_path/e2e_meta
[0.587s] -- Installing: /home/j/e2e_ws/install/e2e_meta/share/e2e_meta/environment/ament_prefix_path.sh
[0.587s] -- Installing: /home/j/e2e_ws/install/e2e_meta/share/e2e_meta/environment/ament_prefix_path.dsv
[0.587s] -- Installing: /home/j/e2e_ws/install/e2e_meta/share/e2e_meta/environment/path.sh
[0.587s] -- Installing: /home/j/e2e_ws/install/e2e_meta/share/e2e_meta/environment/path.dsv
[0.587s] -- Installing: /home/j/e2e_ws/install/e2e_meta/share/e2e_meta/local_setup.bash
[0.587s] -- Installing: /home/j/e2e_ws/install/e2e_meta/share/e2e_meta/local_setup.sh
[0.588s] -- Installing: /home/j/e2e_ws/install/e2e_meta/share/e2e_meta/local_setup.zsh
[0.588s] -- Installing: /home/j/e2e_ws/install/e2e_meta/share/e2e_meta/local_setup.dsv
[0.588s] -- Installing: /home/j/e2e_ws/install/e2e_meta/share/e2e_meta/package.dsv
[0.588s] -- Installing: /home/j/e2e_ws/install/e2e_meta/share/ament_index/resource_index/packages/e2e_meta
[0.588s] -- Installing: /home/j/e2e_ws/install/e2e_meta/share/e2e_meta/cmake/e2e_metaConfig.cmake
[0.588s] -- Installing: /home/j/e2e_ws/install/e2e_meta/share/e2e_meta/cmake/e2e_metaConfig-version.cmake
[0.588s] -- Installing: /home/j/e2e_ws/install/e2e_meta/share/e2e_meta/package.xml
[0.589s] Invoked command in '/home/j/e2e_ws/build/e2e_meta' returned '0': CMAKE_PREFIX_PATH=${CMAKE_PREFIX_PATH}:/home/j/e2e_ws/install/yolo_ros:/home/j/e2e_ws/install/ros2_aruco:/opt/ros/humble /usr/bin/cmake --install /home/j/e2e_ws/build/e2e_meta
