[0.019s] Invoking command in '/home/j/e2e_ws/build/yolo_msgs': CMAKE_PREFIX_PATH=${CMAKE_PREFIX_PATH}:/home/j/e2e_ws/install/yolo_ros:/home/j/e2e_ws/install/ros2_aruco:/opt/ros/humble /usr/bin/cmake /home/j/e2e_ws/src/yolo_ros/yolo_msgs -DCMAKE_INSTALL_PREFIX=/home/j/e2e_ws/install/yolo_msgs
[0.190s] -- The C compiler identification is GNU 11.4.0
[0.190s] -- The CXX compiler identification is GNU 11.4.0
[0.190s] -- Detecting C compiler ABI info
[0.190s] -- Detecting C compiler ABI info - done
[0.190s] -- Check for working C compiler: /usr/bin/cc - skipped
[0.190s] -- Detecting C compile features
[0.190s] -- Detecting C compile features - done
[0.190s] -- Detecting CXX compiler ABI info
[0.227s] -- Detecting CXX compiler ABI info - done
[0.234s] -- Check for working CXX compiler: /usr/bin/c++ - skipped
[0.234s] -- Detecting CXX compile features
[0.235s] -- Detecting CXX compile features - done
[0.237s] -- Found ament_cmake: 1.3.11 (/opt/ros/humble/share/ament_cmake/cmake)
[0.373s] -- Found Python3: /usr/bin/python3 (found version "3.10.12") found components: Interpreter 
[0.435s] -- Found rosidl_default_generators: 1.2.0 (/opt/ros/humble/share/rosidl_default_generators/cmake)
[0.437s] -- Using all available rosidl_typesupport_c: rosidl_typesupport_fastrtps_c;rosidl_typesupport_introspection_c
[0.441s] -- Found rosidl_adapter: 3.1.6 (/opt/ros/humble/share/rosidl_adapter/cmake)
[0.468s] -- Using all available rosidl_typesupport_cpp: rosidl_typesupport_fastrtps_cpp;rosidl_typesupport_introspection_cpp
[0.491s] -- Found std_msgs: 4.8.0 (/opt/ros/humble/share/std_msgs/cmake)
[0.511s] -- Found geometry_msgs: 4.8.0 (/opt/ros/humble/share/geometry_msgs/cmake)
[0.795s] -- Found ament_cmake_ros: 0.10.0 (/opt/ros/humble/share/ament_cmake_ros/cmake)
[0.985s] -- Using all available rosidl_typesupport_c: rosidl_typesupport_fastrtps_c;rosidl_typesupport_introspection_c
[1.240s] -- Using all available rosidl_typesupport_cpp: rosidl_typesupport_fastrtps_cpp;rosidl_typesupport_introspection_cpp
[1.258s] -- Found PythonInterp: /usr/bin/python3 (found suitable version "3.10.12", minimum required is "3.6") 
[1.258s] -- Found python_cmake_module: 0.10.0 (/opt/ros/humble/share/python_cmake_module/cmake)
[1.286s] -- Found PythonLibs: /usr/lib/x86_64-linux-gnu/libpython3.10.so (found suitable version "3.10.12", minimum required is "3.5") 
[1.287s] -- Using PYTHON_EXECUTABLE: /usr/bin/python3
[1.287s] -- Using PYTHON_INCLUDE_DIRS: /usr/include/python3.10
[1.287s] -- Using PYTHON_LIBRARIES: /usr/lib/x86_64-linux-gnu/libpython3.10.so
[1.301s] -- Found PythonExtra: .so  
[1.349s] -- Configuring done
[1.381s] -- Generating done
[1.390s] -- Build files have been written to: /home/j/e2e_ws/build/yolo_msgs
[1.396s] Invoked command in '/home/j/e2e_ws/build/yolo_msgs' returned '0': CMAKE_PREFIX_PATH=${CMAKE_PREFIX_PATH}:/home/j/e2e_ws/install/yolo_ros:/home/j/e2e_ws/install/ros2_aruco:/opt/ros/humble /usr/bin/cmake /home/j/e2e_ws/src/yolo_ros/yolo_msgs -DCMAKE_INSTALL_PREFIX=/home/j/e2e_ws/install/yolo_msgs
[1.398s] Invoking command in '/home/j/e2e_ws/build/yolo_msgs': CMAKE_PREFIX_PATH=${CMAKE_PREFIX_PATH}:/home/j/e2e_ws/install/yolo_ros:/home/j/e2e_ws/install/ros2_aruco:/opt/ros/humble /usr/bin/cmake --build /home/j/e2e_ws/build/yolo_msgs -- -j22 -l22
[1.440s] [  1%] [34m[1mGenerating C code for ROS interfaces[0m
[1.450s] [  1%] [34m[1mGenerating C++ code for ROS interfaces[0m
[1.451s] [  1%] Built target ament_cmake_python_copy_yolo_msgs
[1.620s] running egg_info
[1.620s] creating yolo_msgs.egg-info
[1.620s] writing yolo_msgs.egg-info/PKG-INFO
[1.620s] writing dependency_links to yolo_msgs.egg-info/dependency_links.txt
[1.620s] writing top-level names to yolo_msgs.egg-info/top_level.txt
[1.620s] writing manifest file 'yolo_msgs.egg-info/SOURCES.txt'
[1.622s] reading manifest file 'yolo_msgs.egg-info/SOURCES.txt'
[1.622s] writing manifest file 'yolo_msgs.egg-info/SOURCES.txt'
[1.644s] [  1%] Built target ament_cmake_python_build_yolo_msgs_egg
[2.428s] [  1%] Built target yolo_msgs__cpp
[2.439s] [  1%] [34m[1mGenerating C++ introspection for ROS interfaces[0m
[2.440s] [  2%] [34m[1mGenerating C++ type support dispatch for ROS interfaces[0m
[2.444s] [  3%] [34m[1mGenerating C++ type support for eProsima Fast-RTPS[0m
[2.611s] [  5%] [32mBuilding C object CMakeFiles/yolo_msgs__rosidl_generator_c.dir/rosidl_generator_c/yolo_msgs/msg/detail/point2_d__functions.c.o[0m
[2.611s] [  5%] [32mBuilding C object CMakeFiles/yolo_msgs__rosidl_generator_c.dir/rosidl_generator_c/yolo_msgs/msg/detail/mask__functions.c.o[0m
[2.611s] [  5%] [32mBuilding C object CMakeFiles/yolo_msgs__rosidl_generator_c.dir/rosidl_generator_c/yolo_msgs/msg/detail/key_point2_d__functions.c.o[0m
[2.611s] [  3%] [32mBuilding C object CMakeFiles/yolo_msgs__rosidl_generator_c.dir/rosidl_generator_c/yolo_msgs/msg/detail/vector2__functions.c.o[0m
[2.613s] [  6%] [32mBuilding C object CMakeFiles/yolo_msgs__rosidl_generator_c.dir/rosidl_generator_c/yolo_msgs/msg/detail/pose2_d__functions.c.o[0m
[2.613s] [  7%] [32mBuilding C object CMakeFiles/yolo_msgs__rosidl_generator_c.dir/rosidl_generator_c/yolo_msgs/msg/detail/bounding_box3_d__functions.c.o[0m
[2.616s] [  9%] [32mBuilding C object CMakeFiles/yolo_msgs__rosidl_generator_c.dir/rosidl_generator_c/yolo_msgs/msg/detail/key_point2_d_array__functions.c.o[0m
[2.616s] [  9%] [32mBuilding C object CMakeFiles/yolo_msgs__rosidl_generator_c.dir/rosidl_generator_c/yolo_msgs/msg/detail/key_point3_d_array__functions.c.o[0m
[2.625s] [ 10%] [32mBuilding C object CMakeFiles/yolo_msgs__rosidl_generator_c.dir/rosidl_generator_c/yolo_msgs/msg/detail/bounding_box2_d__functions.c.o[0m
[2.626s] [ 11%] [32mBuilding C object CMakeFiles/yolo_msgs__rosidl_generator_c.dir/rosidl_generator_c/yolo_msgs/msg/detail/detection__functions.c.o[0m
[2.627s] [ 12%] [32mBuilding C object CMakeFiles/yolo_msgs__rosidl_generator_c.dir/rosidl_generator_c/yolo_msgs/msg/detail/key_point3_d__functions.c.o[0m
[2.628s] [ 12%] [32mBuilding C object CMakeFiles/yolo_msgs__rosidl_generator_c.dir/rosidl_generator_c/yolo_msgs/msg/detail/detection_array__functions.c.o[0m
[2.656s] [ 13%] [32mBuilding C object CMakeFiles/yolo_msgs__rosidl_generator_c.dir/rosidl_generator_c/yolo_msgs/srv/detail/set_classes__functions.c.o[0m
[2.727s] [ 14%] [32m[1mLinking C shared library libyolo_msgs__rosidl_generator_c.so[0m
[2.777s] [ 14%] Built target yolo_msgs__rosidl_generator_c
[2.785s] [ 15%] [34m[1mGenerating C introspection for ROS interfaces[0m
[2.786s] [ 17%] [34m[1mGenerating C type support dispatch for ROS interfaces[0m
[2.786s] [ 17%] [34m[1mGenerating C type support for eProsima Fast-RTPS[0m
[3.139s] [ 19%] [32mBuilding CXX object CMakeFiles/yolo_msgs__rosidl_typesupport_cpp.dir/rosidl_typesupport_cpp/yolo_msgs/msg/point2_d__type_support.cpp.o[0m
[3.140s] [ 19%] [32mBuilding CXX object CMakeFiles/yolo_msgs__rosidl_typesupport_cpp.dir/rosidl_typesupport_cpp/yolo_msgs/msg/pose2_d__type_support.cpp.o[0m
[3.140s] [ 20%] [32mBuilding CXX object CMakeFiles/yolo_msgs__rosidl_typesupport_cpp.dir/rosidl_typesupport_cpp/yolo_msgs/msg/key_point2_d_array__type_support.cpp.o[0m
[3.140s] [ 20%] [32mBuilding CXX object CMakeFiles/yolo_msgs__rosidl_typesupport_cpp.dir/rosidl_typesupport_cpp/yolo_msgs/msg/key_point2_d__type_support.cpp.o[0m
[3.145s] [ 19%] [32mBuilding CXX object CMakeFiles/yolo_msgs__rosidl_typesupport_cpp.dir/rosidl_typesupport_cpp/yolo_msgs/msg/bounding_box3_d__type_support.cpp.o[0m
[3.145s] [ 21%] [32mBuilding CXX object CMakeFiles/yolo_msgs__rosidl_typesupport_cpp.dir/rosidl_typesupport_cpp/yolo_msgs/msg/bounding_box2_d__type_support.cpp.o[0m
[3.148s] [ 22%] [32mBuilding CXX object CMakeFiles/yolo_msgs__rosidl_typesupport_cpp.dir/rosidl_typesupport_cpp/yolo_msgs/msg/key_point3_d__type_support.cpp.o[0m
[3.149s] [ 23%] [32mBuilding CXX object CMakeFiles/yolo_msgs__rosidl_typesupport_cpp.dir/rosidl_typesupport_cpp/yolo_msgs/msg/detection_array__type_support.cpp.o[0m
[3.149s] [ 25%] [32mBuilding CXX object CMakeFiles/yolo_msgs__rosidl_typesupport_cpp.dir/rosidl_typesupport_cpp/yolo_msgs/msg/mask__type_support.cpp.o[0m
[3.149s] [ 25%] [32mBuilding CXX object CMakeFiles/yolo_msgs__rosidl_typesupport_cpp.dir/rosidl_typesupport_cpp/yolo_msgs/msg/vector2__type_support.cpp.o[0m
[3.149s] [ 26%] [32mBuilding CXX object CMakeFiles/yolo_msgs__rosidl_typesupport_cpp.dir/rosidl_typesupport_cpp/yolo_msgs/msg/detection__type_support.cpp.o[0m
[3.151s] [ 27%] [32mBuilding CXX object CMakeFiles/yolo_msgs__rosidl_typesupport_cpp.dir/rosidl_typesupport_cpp/yolo_msgs/msg/key_point3_d_array__type_support.cpp.o[0m
[3.154s] [ 27%] [32mBuilding CXX object CMakeFiles/yolo_msgs__rosidl_typesupport_cpp.dir/rosidl_typesupport_cpp/yolo_msgs/srv/set_classes__type_support.cpp.o[0m
[3.471s] [ 28%] [32mBuilding CXX object CMakeFiles/yolo_msgs__rosidl_typesupport_introspection_cpp.dir/rosidl_typesupport_introspection_cpp/yolo_msgs/msg/detail/point2_d__type_support.cpp.o[0m
[3.476s] [ 29%] [32mBuilding CXX object CMakeFiles/yolo_msgs__rosidl_typesupport_introspection_cpp.dir/rosidl_typesupport_introspection_cpp/yolo_msgs/msg/detail/vector2__type_support.cpp.o[0m
[3.476s] [ 31%] [32mBuilding CXX object CMakeFiles/yolo_msgs__rosidl_typesupport_introspection_cpp.dir/rosidl_typesupport_introspection_cpp/yolo_msgs/msg/detail/pose2_d__type_support.cpp.o[0m
[3.476s] [ 31%] [32mBuilding CXX object CMakeFiles/yolo_msgs__rosidl_typesupport_introspection_cpp.dir/rosidl_typesupport_introspection_cpp/yolo_msgs/msg/detail/bounding_box2_d__type_support.cpp.o[0m
[3.488s] [ 32%] [32mBuilding CXX object CMakeFiles/yolo_msgs__rosidl_typesupport_introspection_cpp.dir/rosidl_typesupport_introspection_cpp/yolo_msgs/msg/detail/key_point2_d__type_support.cpp.o[0m
[3.489s] [ 32%] [32mBuilding CXX object CMakeFiles/yolo_msgs__rosidl_typesupport_introspection_cpp.dir/rosidl_typesupport_introspection_cpp/yolo_msgs/msg/detail/bounding_box3_d__type_support.cpp.o[0m
[3.498s] [ 33%] [32mBuilding CXX object CMakeFiles/yolo_msgs__rosidl_typesupport_introspection_cpp.dir/rosidl_typesupport_introspection_cpp/yolo_msgs/msg/detail/mask__type_support.cpp.o[0m
[3.529s] [ 34%] [32mBuilding CXX object CMakeFiles/yolo_msgs__rosidl_typesupport_introspection_cpp.dir/rosidl_typesupport_introspection_cpp/yolo_msgs/msg/detail/key_point2_d_array__type_support.cpp.o[0m
[3.538s] [ 34%] [32mBuilding CXX object CMakeFiles/yolo_msgs__rosidl_typesupport_introspection_cpp.dir/rosidl_typesupport_introspection_cpp/yolo_msgs/msg/detail/key_point3_d_array__type_support.cpp.o[0m
[3.552s] [ 35%] [32mBuilding CXX object CMakeFiles/yolo_msgs__rosidl_typesupport_introspection_cpp.dir/rosidl_typesupport_introspection_cpp/yolo_msgs/msg/detail/key_point3_d__type_support.cpp.o[0m
[3.556s] [ 36%] [32mBuilding CXX object CMakeFiles/yolo_msgs__rosidl_typesupport_introspection_cpp.dir/rosidl_typesupport_introspection_cpp/yolo_msgs/msg/detail/detection__type_support.cpp.o[0m
[3.588s] [ 37%] [32mBuilding CXX object CMakeFiles/yolo_msgs__rosidl_typesupport_introspection_cpp.dir/rosidl_typesupport_introspection_cpp/yolo_msgs/msg/detail/detection_array__type_support.cpp.o[0m
[3.654s] [ 38%] [32mBuilding CXX object CMakeFiles/yolo_msgs__rosidl_typesupport_introspection_cpp.dir/rosidl_typesupport_introspection_cpp/yolo_msgs/srv/detail/set_classes__type_support.cpp.o[0m
[3.953s] [ 38%] [32mBuilding CXX object CMakeFiles/yolo_msgs__rosidl_typesupport_c.dir/rosidl_typesupport_c/yolo_msgs/msg/point2_d__type_support.cpp.o[0m
[3.956s] [ 39%] [32mBuilding CXX object CMakeFiles/yolo_msgs__rosidl_typesupport_c.dir/rosidl_typesupport_c/yolo_msgs/msg/vector2__type_support.cpp.o[0m
[4.039s] [ 40%] [32mBuilding CXX object CMakeFiles/yolo_msgs__rosidl_typesupport_c.dir/rosidl_typesupport_c/yolo_msgs/msg/pose2_d__type_support.cpp.o[0m
[4.039s] [ 41%] [32mBuilding CXX object CMakeFiles/yolo_msgs__rosidl_typesupport_c.dir/rosidl_typesupport_c/yolo_msgs/msg/bounding_box2_d__type_support.cpp.o[0m
[4.044s] [ 42%] [32mBuilding CXX object CMakeFiles/yolo_msgs__rosidl_typesupport_c.dir/rosidl_typesupport_c/yolo_msgs/msg/bounding_box3_d__type_support.cpp.o[0m
[4.054s] [ 42%] [32mBuilding CXX object CMakeFiles/yolo_msgs__rosidl_typesupport_c.dir/rosidl_typesupport_c/yolo_msgs/msg/mask__type_support.cpp.o[0m
[4.077s] [ 43%] [32mBuilding CXX object CMakeFiles/yolo_msgs__rosidl_typesupport_c.dir/rosidl_typesupport_c/yolo_msgs/msg/key_point3_d__type_support.cpp.o[0m
[4.086s] [ 44%] [32mBuilding CXX object CMakeFiles/yolo_msgs__rosidl_typesupport_c.dir/rosidl_typesupport_c/yolo_msgs/msg/key_point2_d_array__type_support.cpp.o[0m
[4.087s] [ 45%] [32mBuilding CXX object CMakeFiles/yolo_msgs__rosidl_typesupport_c.dir/rosidl_typesupport_c/yolo_msgs/msg/key_point2_d__type_support.cpp.o[0m
[4.106s] [ 46%] [32mBuilding CXX object CMakeFiles/yolo_msgs__rosidl_typesupport_c.dir/rosidl_typesupport_c/yolo_msgs/msg/key_point3_d_array__type_support.cpp.o[0m
[4.115s] [ 47%] [32mBuilding CXX object CMakeFiles/yolo_msgs__rosidl_typesupport_c.dir/rosidl_typesupport_c/yolo_msgs/msg/detection_array__type_support.cpp.o[0m
[4.118s] [ 47%] [32mBuilding CXX object CMakeFiles/yolo_msgs__rosidl_typesupport_c.dir/rosidl_typesupport_c/yolo_msgs/msg/detection__type_support.cpp.o[0m
[4.127s] [ 48%] [32mBuilding C object CMakeFiles/yolo_msgs__rosidl_typesupport_introspection_c.dir/rosidl_typesupport_introspection_c/yolo_msgs/msg/detail/vector2__type_support.c.o[0m
[4.131s] [ 49%] [32mBuilding CXX object CMakeFiles/yolo_msgs__rosidl_typesupport_fastrtps_cpp.dir/rosidl_typesupport_fastrtps_cpp/yolo_msgs/msg/detail/dds_fastrtps/point2_d__type_support.cpp.o[0m
[4.141s] [ 50%] [32mBuilding C object CMakeFiles/yolo_msgs__rosidl_typesupport_introspection_c.dir/rosidl_typesupport_introspection_c/yolo_msgs/msg/detail/point2_d__type_support.c.o[0m
[4.149s] [ 51%] [32mBuilding CXX object CMakeFiles/yolo_msgs__rosidl_typesupport_fastrtps_cpp.dir/rosidl_typesupport_fastrtps_cpp/yolo_msgs/msg/detail/dds_fastrtps/pose2_d__type_support.cpp.o[0m
[4.149s] [ 52%] [32mBuilding CXX object CMakeFiles/yolo_msgs__rosidl_typesupport_fastrtps_cpp.dir/rosidl_typesupport_fastrtps_cpp/yolo_msgs/msg/detail/dds_fastrtps/vector2__type_support.cpp.o[0m
[4.161s] [ 52%] [32mBuilding CXX object CMakeFiles/yolo_msgs__rosidl_typesupport_fastrtps_cpp.dir/rosidl_typesupport_fastrtps_cpp/yolo_msgs/msg/detail/dds_fastrtps/bounding_box2_d__type_support.cpp.o[0m
[4.180s] [ 52%] [32mBuilding C object CMakeFiles/yolo_msgs__rosidl_typesupport_introspection_c.dir/rosidl_typesupport_introspection_c/yolo_msgs/msg/detail/pose2_d__type_support.c.o[0m
[4.192s] [ 53%] [32mBuilding CXX object CMakeFiles/yolo_msgs__rosidl_typesupport_fastrtps_cpp.dir/rosidl_typesupport_fastrtps_cpp/yolo_msgs/msg/detail/dds_fastrtps/bounding_box3_d__type_support.cpp.o[0m
[4.201s] [ 55%] [32mBuilding CXX object CMakeFiles/yolo_msgs__rosidl_typesupport_fastrtps_cpp.dir/rosidl_typesupport_fastrtps_cpp/yolo_msgs/msg/detail/dds_fastrtps/key_point2_d__type_support.cpp.o[0m
[4.206s] [ 54%] [32mBuilding CXX object CMakeFiles/yolo_msgs__rosidl_typesupport_fastrtps_cpp.dir/rosidl_typesupport_fastrtps_cpp/yolo_msgs/msg/detail/dds_fastrtps/mask__type_support.cpp.o[0m
[4.206s] [ 56%] [32mBuilding CXX object CMakeFiles/yolo_msgs__rosidl_typesupport_c.dir/rosidl_typesupport_c/yolo_msgs/srv/set_classes__type_support.cpp.o[0m
[4.214s] [ 57%] [32mBuilding C object CMakeFiles/yolo_msgs__rosidl_typesupport_introspection_c.dir/rosidl_typesupport_introspection_c/yolo_msgs/msg/detail/bounding_box3_d__type_support.c.o[0m
[4.235s] [ 58%] [32mBuilding C object CMakeFiles/yolo_msgs__rosidl_typesupport_introspection_c.dir/rosidl_typesupport_introspection_c/yolo_msgs/msg/detail/mask__type_support.c.o[0m
[4.246s] [ 59%] [32mBuilding C object CMakeFiles/yolo_msgs__rosidl_typesupport_introspection_c.dir/rosidl_typesupport_introspection_c/yolo_msgs/msg/detail/bounding_box2_d__type_support.c.o[0m
[4.261s] [ 60%] [32mBuilding CXX object CMakeFiles/yolo_msgs__rosidl_typesupport_fastrtps_cpp.dir/rosidl_typesupport_fastrtps_cpp/yolo_msgs/msg/detail/dds_fastrtps/key_point2_d_array__type_support.cpp.o[0m
[4.281s] [ 61%] [32m[1mLinking CXX shared library libyolo_msgs__rosidl_typesupport_c.so[0m
[4.316s] [ 61%] [32mBuilding CXX object CMakeFiles/yolo_msgs__rosidl_typesupport_fastrtps_cpp.dir/rosidl_typesupport_fastrtps_cpp/yolo_msgs/msg/detail/dds_fastrtps/key_point3_d__type_support.cpp.o[0m
[4.320s] [ 62%] [32mBuilding C object CMakeFiles/yolo_msgs__rosidl_typesupport_introspection_c.dir/rosidl_typesupport_introspection_c/yolo_msgs/msg/detail/key_point2_d__type_support.c.o[0m
[4.325s] [ 62%] [32mBuilding C object CMakeFiles/yolo_msgs__rosidl_typesupport_introspection_c.dir/rosidl_typesupport_introspection_c/yolo_msgs/msg/detail/key_point2_d_array__type_support.c.o[0m
[4.378s] [ 63%] [32mBuilding C object CMakeFiles/yolo_msgs__rosidl_typesupport_introspection_c.dir/rosidl_typesupport_introspection_c/yolo_msgs/msg/detail/key_point3_d__type_support.c.o[0m
[4.382s] [ 64%] [32mBuilding CXX object CMakeFiles/yolo_msgs__rosidl_typesupport_fastrtps_cpp.dir/rosidl_typesupport_fastrtps_cpp/yolo_msgs/msg/detail/dds_fastrtps/key_point3_d_array__type_support.cpp.o[0m
[4.388s] [ 65%] [32mBuilding CXX object CMakeFiles/yolo_msgs__rosidl_typesupport_fastrtps_cpp.dir/rosidl_typesupport_fastrtps_cpp/yolo_msgs/msg/detail/dds_fastrtps/detection__type_support.cpp.o[0m
[4.392s] [ 66%] [32mBuilding C object CMakeFiles/yolo_msgs__rosidl_typesupport_introspection_c.dir/rosidl_typesupport_introspection_c/yolo_msgs/msg/detail/key_point3_d_array__type_support.c.o[0m
[4.421s] [ 67%] [32mBuilding CXX object CMakeFiles/yolo_msgs__rosidl_typesupport_fastrtps_cpp.dir/rosidl_typesupport_fastrtps_cpp/yolo_msgs/srv/detail/dds_fastrtps/set_classes__type_support.cpp.o[0m
[4.429s] [ 68%] [32mBuilding CXX object CMakeFiles/yolo_msgs__rosidl_typesupport_fastrtps_cpp.dir/rosidl_typesupport_fastrtps_cpp/yolo_msgs/msg/detail/dds_fastrtps/detection_array__type_support.cpp.o[0m
[4.453s] [ 68%] Built target yolo_msgs__rosidl_typesupport_c
[4.509s] [ 69%] [32mBuilding C object CMakeFiles/yolo_msgs__rosidl_typesupport_introspection_c.dir/rosidl_typesupport_introspection_c/yolo_msgs/msg/detail/detection__type_support.c.o[0m
[4.540s] [ 70%] [32mBuilding C object CMakeFiles/yolo_msgs__rosidl_typesupport_introspection_c.dir/rosidl_typesupport_introspection_c/yolo_msgs/msg/detail/detection_array__type_support.c.o[0m
[4.594s] [ 70%] [32mBuilding C object CMakeFiles/yolo_msgs__rosidl_typesupport_introspection_c.dir/rosidl_typesupport_introspection_c/yolo_msgs/srv/detail/set_classes__type_support.c.o[0m
[4.753s] [ 71%] [32mBuilding CXX object CMakeFiles/yolo_msgs__rosidl_typesupport_fastrtps_c.dir/rosidl_typesupport_fastrtps_c/yolo_msgs/msg/detail/bounding_box2_d__type_support_c.cpp.o[0m
[4.760s] [ 72%] [32mBuilding CXX object CMakeFiles/yolo_msgs__rosidl_typesupport_fastrtps_c.dir/rosidl_typesupport_fastrtps_c/yolo_msgs/msg/detail/bounding_box3_d__type_support_c.cpp.o[0m
[4.766s] [ 73%] [32mBuilding CXX object CMakeFiles/yolo_msgs__rosidl_typesupport_fastrtps_c.dir/rosidl_typesupport_fastrtps_c/yolo_msgs/msg/detail/pose2_d__type_support_c.cpp.o[0m
[4.770s] [ 74%] [32mBuilding CXX object CMakeFiles/yolo_msgs__rosidl_typesupport_fastrtps_c.dir/rosidl_typesupport_fastrtps_c/yolo_msgs/msg/detail/key_point2_d_array__type_support_c.cpp.o[0m
[4.770s] [ 74%] [32mBuilding CXX object CMakeFiles/yolo_msgs__rosidl_typesupport_fastrtps_c.dir/rosidl_typesupport_fastrtps_c/yolo_msgs/msg/detail/key_point2_d__type_support_c.cpp.o[0m
[4.772s] [ 76%] [32m[1mLinking CXX shared library libyolo_msgs__rosidl_typesupport_cpp.so[0m
[4.774s] [ 76%] [32mBuilding CXX object CMakeFiles/yolo_msgs__rosidl_typesupport_fastrtps_c.dir/rosidl_typesupport_fastrtps_c/yolo_msgs/msg/detail/vector2__type_support_c.cpp.o[0m
[4.776s] [ 76%] [32mBuilding CXX object CMakeFiles/yolo_msgs__rosidl_typesupport_fastrtps_c.dir/rosidl_typesupport_fastrtps_c/yolo_msgs/msg/detail/mask__type_support_c.cpp.o[0m
[4.798s] [ 77%] [32mBuilding CXX object CMakeFiles/yolo_msgs__rosidl_typesupport_fastrtps_c.dir/rosidl_typesupport_fastrtps_c/yolo_msgs/msg/detail/point2_d__type_support_c.cpp.o[0m
[4.820s] [ 78%] [32m[1mLinking C shared library libyolo_msgs__rosidl_typesupport_introspection_c.so[0m
[4.840s] [ 79%] [32m[1mLinking CXX shared library libyolo_msgs__rosidl_typesupport_introspection_cpp.so[0m
[4.903s] [ 79%] Built target yolo_msgs__rosidl_typesupport_cpp
[4.924s] [ 80%] [32mBuilding CXX object CMakeFiles/yolo_msgs__rosidl_typesupport_fastrtps_c.dir/rosidl_typesupport_fastrtps_c/yolo_msgs/msg/detail/key_point3_d__type_support_c.cpp.o[0m
[4.959s] [ 81%] [32mBuilding CXX object CMakeFiles/yolo_msgs__rosidl_typesupport_fastrtps_c.dir/rosidl_typesupport_fastrtps_c/yolo_msgs/msg/detail/detection__type_support_c.cpp.o[0m
[4.973s] [ 82%] [32mBuilding CXX object CMakeFiles/yolo_msgs__rosidl_typesupport_fastrtps_c.dir/rosidl_typesupport_fastrtps_c/yolo_msgs/msg/detail/key_point3_d_array__type_support_c.cpp.o[0m
[4.974s] [ 82%] Built target yolo_msgs__rosidl_typesupport_introspection_c
[5.015s] [ 82%] [32mBuilding CXX object CMakeFiles/yolo_msgs__rosidl_typesupport_fastrtps_c.dir/rosidl_typesupport_fastrtps_c/yolo_msgs/msg/detail/detection_array__type_support_c.cpp.o[0m
[5.058s] [ 82%] Built target yolo_msgs__rosidl_typesupport_introspection_cpp
[5.112s] [ 83%] [32mBuilding CXX object CMakeFiles/yolo_msgs__rosidl_typesupport_fastrtps_c.dir/rosidl_typesupport_fastrtps_c/yolo_msgs/srv/detail/set_classes__type_support_c.cpp.o[0m
[5.538s] [ 84%] [32m[1mLinking CXX shared library libyolo_msgs__rosidl_typesupport_fastrtps_c.so[0m
[5.565s] [ 84%] [32m[1mLinking CXX shared library libyolo_msgs__rosidl_typesupport_fastrtps_cpp.so[0m
[5.612s] [ 84%] Built target yolo_msgs__rosidl_typesupport_fastrtps_c
[5.662s] [ 84%] Built target yolo_msgs__rosidl_typesupport_fastrtps_cpp
[5.684s] [ 84%] Built target yolo_msgs
[5.709s] [ 85%] [34m[1mGenerating Python code for ROS interfaces[0m
[7.522s] [ 85%] Built target yolo_msgs__py
[7.546s] [ 86%] [32mBuilding C object CMakeFiles/yolo_msgs__rosidl_generator_py.dir/rosidl_generator_py/yolo_msgs/msg/_pose2_d_s.c.o[0m
[7.546s] [ 87%] [32mBuilding C object CMakeFiles/yolo_msgs__rosidl_generator_py.dir/rosidl_generator_py/yolo_msgs/msg/_point2_d_s.c.o[0m
[7.547s] [ 89%] [32mBuilding C object CMakeFiles/yolo_msgs__rosidl_generator_py.dir/rosidl_generator_py/yolo_msgs/msg/_bounding_box2_d_s.c.o[0m
[7.547s] [ 89%] [32mBuilding C object CMakeFiles/yolo_msgs__rosidl_generator_py.dir/rosidl_generator_py/yolo_msgs/msg/_mask_s.c.o[0m
[7.548s] [ 91%] [32mBuilding C object CMakeFiles/yolo_msgs__rosidl_generator_py.dir/rosidl_generator_py/yolo_msgs/msg/_key_point2_d_array_s.c.o[0m
[7.548s] [ 91%] [32mBuilding C object CMakeFiles/yolo_msgs__rosidl_generator_py.dir/rosidl_generator_py/yolo_msgs/msg/_bounding_box3_d_s.c.o[0m
[7.548s] [ 91%] [32mBuilding C object CMakeFiles/yolo_msgs__rosidl_generator_py.dir/rosidl_generator_py/yolo_msgs/msg/_key_point2_d_s.c.o[0m
[7.548s] [ 91%] [32mBuilding C object CMakeFiles/yolo_msgs__rosidl_generator_py.dir/rosidl_generator_py/yolo_msgs/msg/_vector2_s.c.o[0m
[7.549s] [ 93%] [32mBuilding C object CMakeFiles/yolo_msgs__rosidl_generator_py.dir/rosidl_generator_py/yolo_msgs/msg/_detection_array_s.c.o[0m
[7.549s] [ 93%] [32mBuilding C object CMakeFiles/yolo_msgs__rosidl_generator_py.dir/rosidl_generator_py/yolo_msgs/srv/_set_classes_s.c.o[0m
[7.549s] [ 93%] [32mBuilding C object CMakeFiles/yolo_msgs__rosidl_generator_py.dir/rosidl_generator_py/yolo_msgs/msg/_detection_s.c.o[0m
[7.550s] [ 94%] [32mBuilding C object CMakeFiles/yolo_msgs__rosidl_generator_py.dir/rosidl_generator_py/yolo_msgs/msg/_key_point3_d_s.c.o[0m
[7.552s] [ 95%] [32mBuilding C object CMakeFiles/yolo_msgs__rosidl_generator_py.dir/rosidl_generator_py/yolo_msgs/msg/_key_point3_d_array_s.c.o[0m
[7.716s] [ 96%] [32m[1mLinking C shared library rosidl_generator_py/yolo_msgs/libyolo_msgs__rosidl_generator_py.so[0m
[7.757s] [ 96%] Built target yolo_msgs__rosidl_generator_py
[7.774s] [ 97%] [32mBuilding C object CMakeFiles/yolo_msgs__rosidl_typesupport_c__pyext.dir/rosidl_generator_py/yolo_msgs/_yolo_msgs_s.ep.rosidl_typesupport_c.c.o[0m
[7.782s] [ 99%] [32mBuilding C object CMakeFiles/yolo_msgs__rosidl_typesupport_fastrtps_c__pyext.dir/rosidl_generator_py/yolo_msgs/_yolo_msgs_s.ep.rosidl_typesupport_fastrtps_c.c.o[0m
[7.782s] [ 99%] [32mBuilding C object CMakeFiles/yolo_msgs__rosidl_typesupport_introspection_c__pyext.dir/rosidl_generator_py/yolo_msgs/_yolo_msgs_s.ep.rosidl_typesupport_introspection_c.c.o[0m
[7.883s] [ 99%] [32m[1mLinking C shared library rosidl_generator_py/yolo_msgs/yolo_msgs_s__rosidl_typesupport_c.cpython-310-x86_64-linux-gnu.so[0m
[7.894s] [100%] [32m[1mLinking C shared library rosidl_generator_py/yolo_msgs/yolo_msgs_s__rosidl_typesupport_introspection_c.cpython-310-x86_64-linux-gnu.so[0m
[7.897s] [100%] [32m[1mLinking C shared library rosidl_generator_py/yolo_msgs/yolo_msgs_s__rosidl_typesupport_fastrtps_c.cpython-310-x86_64-linux-gnu.so[0m
[7.928s] [100%] Built target yolo_msgs__rosidl_typesupport_introspection_c__pyext
[7.936s] [100%] Built target yolo_msgs__rosidl_typesupport_c__pyext
[7.947s] [100%] Built target yolo_msgs__rosidl_typesupport_fastrtps_c__pyext
[7.960s] Invoked command in '/home/j/e2e_ws/build/yolo_msgs' returned '0': CMAKE_PREFIX_PATH=${CMAKE_PREFIX_PATH}:/home/j/e2e_ws/install/yolo_ros:/home/j/e2e_ws/install/ros2_aruco:/opt/ros/humble /usr/bin/cmake --build /home/j/e2e_ws/build/yolo_msgs -- -j22 -l22
[7.962s] Invoking command in '/home/j/e2e_ws/build/yolo_msgs': CMAKE_PREFIX_PATH=${CMAKE_PREFIX_PATH}:/home/j/e2e_ws/install/yolo_ros:/home/j/e2e_ws/install/ros2_aruco:/opt/ros/humble /usr/bin/cmake --install /home/j/e2e_ws/build/yolo_msgs
[7.970s] -- Install configuration: ""
[7.970s] -- Installing: /home/j/e2e_ws/install/yolo_msgs/share/ament_index/resource_index/rosidl_interfaces/yolo_msgs
[7.970s] -- Installing: /home/j/e2e_ws/install/yolo_msgs/include/yolo_msgs/yolo_msgs
[7.970s] -- Installing: /home/j/e2e_ws/install/yolo_msgs/include/yolo_msgs/yolo_msgs/msg
[7.970s] -- Installing: /home/j/e2e_ws/install/yolo_msgs/include/yolo_msgs/yolo_msgs/msg/detection_array.h
[7.970s] -- Installing: /home/j/e2e_ws/install/yolo_msgs/include/yolo_msgs/yolo_msgs/msg/mask.h
[7.970s] -- Installing: /home/j/e2e_ws/install/yolo_msgs/include/yolo_msgs/yolo_msgs/msg/key_point3_d_array.h
[7.970s] -- Installing: /home/j/e2e_ws/install/yolo_msgs/include/yolo_msgs/yolo_msgs/msg/detection.h
[7.970s] -- Installing: /home/j/e2e_ws/install/yolo_msgs/include/yolo_msgs/yolo_msgs/msg/key_point2_d_array.h
[7.970s] -- Installing: /home/j/e2e_ws/install/yolo_msgs/include/yolo_msgs/yolo_msgs/msg/rosidl_generator_c__visibility_control.h
[7.970s] -- Installing: /home/j/e2e_ws/install/yolo_msgs/include/yolo_msgs/yolo_msgs/msg/key_point3_d.h
[7.971s] -- Installing: /home/j/e2e_ws/install/yolo_msgs/include/yolo_msgs/yolo_msgs/msg/key_point2_d.h
[7.971s] -- Installing: /home/j/e2e_ws/install/yolo_msgs/include/yolo_msgs/yolo_msgs/msg/vector2.h
[7.971s] -- Installing: /home/j/e2e_ws/install/yolo_msgs/include/yolo_msgs/yolo_msgs/msg/bounding_box3_d.h
[7.971s] -- Installing: /home/j/e2e_ws/install/yolo_msgs/include/yolo_msgs/yolo_msgs/msg/pose2_d.h
[7.971s] -- Installing: /home/j/e2e_ws/install/yolo_msgs/include/yolo_msgs/yolo_msgs/msg/point2_d.h
[7.971s] -- Installing: /home/j/e2e_ws/install/yolo_msgs/include/yolo_msgs/yolo_msgs/msg/detail
[7.971s] -- Installing: /home/j/e2e_ws/install/yolo_msgs/include/yolo_msgs/yolo_msgs/msg/detail/point2_d__type_support.h
[7.971s] -- Installing: /home/j/e2e_ws/install/yolo_msgs/include/yolo_msgs/yolo_msgs/msg/detail/bounding_box3_d__type_support.h
[7.971s] -- Installing: /home/j/e2e_ws/install/yolo_msgs/include/yolo_msgs/yolo_msgs/msg/detail/bounding_box2_d__type_support.h
[7.971s] -- Installing: /home/j/e2e_ws/install/yolo_msgs/include/yolo_msgs/yolo_msgs/msg/detail/key_point3_d_array__functions.c
[7.971s] -- Installing: /home/j/e2e_ws/install/yolo_msgs/include/yolo_msgs/yolo_msgs/msg/detail/key_point2_d__functions.c
[7.971s] -- Installing: /home/j/e2e_ws/install/yolo_msgs/include/yolo_msgs/yolo_msgs/msg/detail/bounding_box3_d__functions.c
[7.971s] -- Installing: /home/j/e2e_ws/install/yolo_msgs/include/yolo_msgs/yolo_msgs/msg/detail/mask__type_support.h
[7.971s] -- Installing: /home/j/e2e_ws/install/yolo_msgs/include/yolo_msgs/yolo_msgs/msg/detail/key_point2_d_array__functions.h
[7.972s] -- Installing: /home/j/e2e_ws/install/yolo_msgs/include/yolo_msgs/yolo_msgs/msg/detail/pose2_d__struct.h
[7.972s] -- Installing: /home/j/e2e_ws/install/yolo_msgs/include/yolo_msgs/yolo_msgs/msg/detail/vector2__struct.h
[7.973s] -- Installing: /home/j/e2e_ws/install/yolo_msgs/include/yolo_msgs/yolo_msgs/msg/detail/pose2_d__type_support.h
[7.973s] -- Installing: /home/j/e2e_ws/install/yolo_msgs/include/yolo_msgs/yolo_msgs/msg/detail/mask__functions.h
[7.973s] -- Installing: /home/j/e2e_ws/install/yolo_msgs/include/yolo_msgs/yolo_msgs/msg/detail/key_point3_d__struct.h
[7.973s] -- Installing: /home/j/e2e_ws/install/yolo_msgs/include/yolo_msgs/yolo_msgs/msg/detail/bounding_box2_d__functions.h
[7.973s] -- Installing: /home/j/e2e_ws/install/yolo_msgs/include/yolo_msgs/yolo_msgs/msg/detail/key_point2_d_array__type_support.h
[7.973s] -- Installing: /home/j/e2e_ws/install/yolo_msgs/include/yolo_msgs/yolo_msgs/msg/detail/key_point2_d_array__functions.c
[7.973s] -- Installing: /home/j/e2e_ws/install/yolo_msgs/include/yolo_msgs/yolo_msgs/msg/detail/detection_array__type_support.h
[7.973s] -- Installing: /home/j/e2e_ws/install/yolo_msgs/include/yolo_msgs/yolo_msgs/msg/detail/point2_d__struct.h
[7.973s] -- Installing: /home/j/e2e_ws/install/yolo_msgs/include/yolo_msgs/yolo_msgs/msg/detail/detection_array__functions.c
[7.973s] -- Installing: /home/j/e2e_ws/install/yolo_msgs/include/yolo_msgs/yolo_msgs/msg/detail/pose2_d__functions.c
[7.973s] -- Installing: /home/j/e2e_ws/install/yolo_msgs/include/yolo_msgs/yolo_msgs/msg/detail/key_point3_d__functions.h
[7.973s] -- Installing: /home/j/e2e_ws/install/yolo_msgs/include/yolo_msgs/yolo_msgs/msg/detail/bounding_box3_d__struct.h
[7.973s] -- Installing: /home/j/e2e_ws/install/yolo_msgs/include/yolo_msgs/yolo_msgs/msg/detail/point2_d__functions.c
[7.974s] -- Installing: /home/j/e2e_ws/install/yolo_msgs/include/yolo_msgs/yolo_msgs/msg/detail/bounding_box2_d__struct.h
[7.974s] -- Installing: /home/j/e2e_ws/install/yolo_msgs/include/yolo_msgs/yolo_msgs/msg/detail/vector2__functions.c
[7.974s] -- Installing: /home/j/e2e_ws/install/yolo_msgs/include/yolo_msgs/yolo_msgs/msg/detail/point2_d__functions.h
[7.974s] -- Installing: /home/j/e2e_ws/install/yolo_msgs/include/yolo_msgs/yolo_msgs/msg/detail/key_point3_d_array__type_support.h
[7.974s] -- Installing: /home/j/e2e_ws/install/yolo_msgs/include/yolo_msgs/yolo_msgs/msg/detail/detection__functions.c
[7.974s] -- Installing: /home/j/e2e_ws/install/yolo_msgs/include/yolo_msgs/yolo_msgs/msg/detail/detection__struct.h
[7.974s] -- Installing: /home/j/e2e_ws/install/yolo_msgs/include/yolo_msgs/yolo_msgs/msg/detail/bounding_box2_d__functions.c
[7.974s] -- Installing: /home/j/e2e_ws/install/yolo_msgs/include/yolo_msgs/yolo_msgs/msg/detail/detection_array__struct.h
[7.974s] -- Installing: /home/j/e2e_ws/install/yolo_msgs/include/yolo_msgs/yolo_msgs/msg/detail/key_point3_d_array__struct.h
[7.974s] -- Installing: /home/j/e2e_ws/install/yolo_msgs/include/yolo_msgs/yolo_msgs/msg/detail/key_point3_d__functions.c
[7.974s] -- Installing: /home/j/e2e_ws/install/yolo_msgs/include/yolo_msgs/yolo_msgs/msg/detail/detection__functions.h
[7.974s] -- Installing: /home/j/e2e_ws/install/yolo_msgs/include/yolo_msgs/yolo_msgs/msg/detail/pose2_d__functions.h
[7.974s] -- Installing: /home/j/e2e_ws/install/yolo_msgs/include/yolo_msgs/yolo_msgs/msg/detail/vector2__type_support.h
[7.974s] -- Installing: /home/j/e2e_ws/install/yolo_msgs/include/yolo_msgs/yolo_msgs/msg/detail/key_point2_d__type_support.h
[7.975s] -- Installing: /home/j/e2e_ws/install/yolo_msgs/include/yolo_msgs/yolo_msgs/msg/detail/detection_array__functions.h
[7.975s] -- Installing: /home/j/e2e_ws/install/yolo_msgs/include/yolo_msgs/yolo_msgs/msg/detail/key_point2_d__struct.h
[7.975s] -- Installing: /home/j/e2e_ws/install/yolo_msgs/include/yolo_msgs/yolo_msgs/msg/detail/mask__functions.c
[7.975s] -- Installing: /home/j/e2e_ws/install/yolo_msgs/include/yolo_msgs/yolo_msgs/msg/detail/key_point3_d_array__functions.h
[7.975s] -- Installing: /home/j/e2e_ws/install/yolo_msgs/include/yolo_msgs/yolo_msgs/msg/detail/detection__type_support.h
[7.975s] -- Installing: /home/j/e2e_ws/install/yolo_msgs/include/yolo_msgs/yolo_msgs/msg/detail/vector2__functions.h
[7.975s] -- Installing: /home/j/e2e_ws/install/yolo_msgs/include/yolo_msgs/yolo_msgs/msg/detail/mask__struct.h
[7.975s] -- Installing: /home/j/e2e_ws/install/yolo_msgs/include/yolo_msgs/yolo_msgs/msg/detail/bounding_box3_d__functions.h
[7.975s] -- Installing: /home/j/e2e_ws/install/yolo_msgs/include/yolo_msgs/yolo_msgs/msg/detail/key_point2_d__functions.h
[7.975s] -- Installing: /home/j/e2e_ws/install/yolo_msgs/include/yolo_msgs/yolo_msgs/msg/detail/key_point2_d_array__struct.h
[7.975s] -- Installing: /home/j/e2e_ws/install/yolo_msgs/include/yolo_msgs/yolo_msgs/msg/detail/key_point3_d__type_support.h
[7.975s] -- Installing: /home/j/e2e_ws/install/yolo_msgs/include/yolo_msgs/yolo_msgs/msg/bounding_box2_d.h
[7.975s] -- Installing: /home/j/e2e_ws/install/yolo_msgs/include/yolo_msgs/yolo_msgs/srv
[7.975s] -- Installing: /home/j/e2e_ws/install/yolo_msgs/include/yolo_msgs/yolo_msgs/srv/set_classes.h
[7.975s] -- Installing: /home/j/e2e_ws/install/yolo_msgs/include/yolo_msgs/yolo_msgs/srv/detail
[7.976s] -- Installing: /home/j/e2e_ws/install/yolo_msgs/include/yolo_msgs/yolo_msgs/srv/detail/set_classes__struct.h
[7.976s] -- Installing: /home/j/e2e_ws/install/yolo_msgs/include/yolo_msgs/yolo_msgs/srv/detail/set_classes__type_support.h
[7.976s] -- Installing: /home/j/e2e_ws/install/yolo_msgs/include/yolo_msgs/yolo_msgs/srv/detail/set_classes__functions.h
[7.976s] -- Installing: /home/j/e2e_ws/install/yolo_msgs/include/yolo_msgs/yolo_msgs/srv/detail/set_classes__functions.c
[7.976s] -- Installing: /home/j/e2e_ws/install/yolo_msgs/share/yolo_msgs/environment/library_path.sh
[7.976s] -- Installing: /home/j/e2e_ws/install/yolo_msgs/share/yolo_msgs/environment/library_path.dsv
[7.976s] -- Installing: /home/j/e2e_ws/install/yolo_msgs/lib/libyolo_msgs__rosidl_generator_c.so
[7.976s] -- Set runtime path of "/home/j/e2e_ws/install/yolo_msgs/lib/libyolo_msgs__rosidl_generator_c.so" to ""
[7.976s] -- Up-to-date: /home/j/e2e_ws/install/yolo_msgs/include/yolo_msgs/yolo_msgs
[7.977s] -- Up-to-date: /home/j/e2e_ws/install/yolo_msgs/include/yolo_msgs/yolo_msgs/msg
[7.977s] -- Installing: /home/j/e2e_ws/install/yolo_msgs/include/yolo_msgs/yolo_msgs/msg/rosidl_typesupport_fastrtps_c__visibility_control.h
[7.977s] -- Up-to-date: /home/j/e2e_ws/install/yolo_msgs/include/yolo_msgs/yolo_msgs/msg/detail
[7.977s] -- Installing: /home/j/e2e_ws/install/yolo_msgs/include/yolo_msgs/yolo_msgs/msg/detail/point2_d__rosidl_typesupport_fastrtps_c.h
[7.977s] -- Installing: /home/j/e2e_ws/install/yolo_msgs/include/yolo_msgs/yolo_msgs/msg/detail/detection_array__rosidl_typesupport_fastrtps_c.h
[7.977s] -- Installing: /home/j/e2e_ws/install/yolo_msgs/include/yolo_msgs/yolo_msgs/msg/detail/pose2_d__rosidl_typesupport_fastrtps_c.h
[7.980s] -- Installing: /home/j/e2e_ws/install/yolo_msgs/include/yolo_msgs/yolo_msgs/msg/detail/mask__rosidl_typesupport_fastrtps_c.h
[7.980s] -- Installing: /home/j/e2e_ws/install/yolo_msgs/include/yolo_msgs/yolo_msgs/msg/detail/detection__rosidl_typesupport_fastrtps_c.h
[7.980s] -- Installing: /home/j/e2e_ws/install/yolo_msgs/include/yolo_msgs/yolo_msgs/msg/detail/key_point2_d_array__rosidl_typesupport_fastrtps_c.h
[7.980s] -- Installing: /home/j/e2e_ws/install/yolo_msgs/include/yolo_msgs/yolo_msgs/msg/detail/key_point2_d__rosidl_typesupport_fastrtps_c.h
[7.981s] -- Installing: /home/j/e2e_ws/install/yolo_msgs/include/yolo_msgs/yolo_msgs/msg/detail/bounding_box2_d__rosidl_typesupport_fastrtps_c.h
[7.981s] -- Installing: /home/j/e2e_ws/install/yolo_msgs/include/yolo_msgs/yolo_msgs/msg/detail/vector2__rosidl_typesupport_fastrtps_c.h
[7.981s] -- Installing: /home/j/e2e_ws/install/yolo_msgs/include/yolo_msgs/yolo_msgs/msg/detail/key_point3_d__rosidl_typesupport_fastrtps_c.h
[7.981s] -- Installing: /home/j/e2e_ws/install/yolo_msgs/include/yolo_msgs/yolo_msgs/msg/detail/bounding_box3_d__rosidl_typesupport_fastrtps_c.h
[7.981s] -- Installing: /home/j/e2e_ws/install/yolo_msgs/include/yolo_msgs/yolo_msgs/msg/detail/key_point3_d_array__rosidl_typesupport_fastrtps_c.h
[7.981s] -- Up-to-date: /home/j/e2e_ws/install/yolo_msgs/include/yolo_msgs/yolo_msgs/srv
[7.981s] -- Up-to-date: /home/j/e2e_ws/install/yolo_msgs/include/yolo_msgs/yolo_msgs/srv/detail
[7.981s] -- Installing: /home/j/e2e_ws/install/yolo_msgs/include/yolo_msgs/yolo_msgs/srv/detail/set_classes__rosidl_typesupport_fastrtps_c.h
[7.981s] -- Installing: /home/j/e2e_ws/install/yolo_msgs/lib/libyolo_msgs__rosidl_typesupport_fastrtps_c.so
[7.981s] -- Set runtime path of "/home/j/e2e_ws/install/yolo_msgs/lib/libyolo_msgs__rosidl_typesupport_fastrtps_c.so" to ""
[7.981s] -- Up-to-date: /home/j/e2e_ws/install/yolo_msgs/include/yolo_msgs/yolo_msgs
[7.981s] -- Up-to-date: /home/j/e2e_ws/install/yolo_msgs/include/yolo_msgs/yolo_msgs/msg
[7.981s] -- Installing: /home/j/e2e_ws/install/yolo_msgs/include/yolo_msgs/yolo_msgs/msg/rosidl_typesupport_introspection_c__visibility_control.h
[7.981s] -- Up-to-date: /home/j/e2e_ws/install/yolo_msgs/include/yolo_msgs/yolo_msgs/msg/detail
[7.981s] -- Installing: /home/j/e2e_ws/install/yolo_msgs/include/yolo_msgs/yolo_msgs/msg/detail/mask__rosidl_typesupport_introspection_c.h
[7.981s] -- Installing: /home/j/e2e_ws/install/yolo_msgs/include/yolo_msgs/yolo_msgs/msg/detail/vector2__type_support.c
[7.981s] -- Installing: /home/j/e2e_ws/install/yolo_msgs/include/yolo_msgs/yolo_msgs/msg/detail/mask__type_support.c
[7.982s] -- Installing: /home/j/e2e_ws/install/yolo_msgs/include/yolo_msgs/yolo_msgs/msg/detail/bounding_box2_d__type_support.c
[7.982s] -- Installing: /home/j/e2e_ws/install/yolo_msgs/include/yolo_msgs/yolo_msgs/msg/detail/point2_d__type_support.c
[7.982s] -- Installing: /home/j/e2e_ws/install/yolo_msgs/include/yolo_msgs/yolo_msgs/msg/detail/key_point3_d__rosidl_typesupport_introspection_c.h
[7.982s] -- Installing: /home/j/e2e_ws/install/yolo_msgs/include/yolo_msgs/yolo_msgs/msg/detail/pose2_d__type_support.c
[7.982s] -- Installing: /home/j/e2e_ws/install/yolo_msgs/include/yolo_msgs/yolo_msgs/msg/detail/detection_array__rosidl_typesupport_introspection_c.h
[7.982s] -- Installing: /home/j/e2e_ws/install/yolo_msgs/include/yolo_msgs/yolo_msgs/msg/detail/detection__rosidl_typesupport_introspection_c.h
[7.982s] -- Installing: /home/j/e2e_ws/install/yolo_msgs/include/yolo_msgs/yolo_msgs/msg/detail/detection__type_support.c
[7.982s] -- Installing: /home/j/e2e_ws/install/yolo_msgs/include/yolo_msgs/yolo_msgs/msg/detail/bounding_box3_d__rosidl_typesupport_introspection_c.h
[7.982s] -- Installing: /home/j/e2e_ws/install/yolo_msgs/include/yolo_msgs/yolo_msgs/msg/detail/detection_array__type_support.c
[7.982s] -- Installing: /home/j/e2e_ws/install/yolo_msgs/include/yolo_msgs/yolo_msgs/msg/detail/bounding_box3_d__type_support.c
[7.982s] -- Installing: /home/j/e2e_ws/install/yolo_msgs/include/yolo_msgs/yolo_msgs/msg/detail/point2_d__rosidl_typesupport_introspection_c.h
[7.982s] -- Installing: /home/j/e2e_ws/install/yolo_msgs/include/yolo_msgs/yolo_msgs/msg/detail/key_point3_d__type_support.c
[7.982s] -- Installing: /home/j/e2e_ws/install/yolo_msgs/include/yolo_msgs/yolo_msgs/msg/detail/key_point3_d_array__type_support.c
[7.982s] -- Installing: /home/j/e2e_ws/install/yolo_msgs/include/yolo_msgs/yolo_msgs/msg/detail/bounding_box2_d__rosidl_typesupport_introspection_c.h
[7.986s] -- Installing: /home/j/e2e_ws/install/yolo_msgs/include/yolo_msgs/yolo_msgs/msg/detail/pose2_d__rosidl_typesupport_introspection_c.h
[7.986s] -- Installing: /home/j/e2e_ws/install/yolo_msgs/include/yolo_msgs/yolo_msgs/msg/detail/key_point2_d__type_support.c
[7.986s] -- Installing: /home/j/e2e_ws/install/yolo_msgs/include/yolo_msgs/yolo_msgs/msg/detail/key_point2_d_array__type_support.c
[7.986s] -- Installing: /home/j/e2e_ws/install/yolo_msgs/include/yolo_msgs/yolo_msgs/msg/detail/key_point3_d_array__rosidl_typesupport_introspection_c.h
[7.986s] -- Installing: /home/j/e2e_ws/install/yolo_msgs/include/yolo_msgs/yolo_msgs/msg/detail/key_point2_d_array__rosidl_typesupport_introspection_c.h
[7.986s] -- Installing: /home/j/e2e_ws/install/yolo_msgs/include/yolo_msgs/yolo_msgs/msg/detail/key_point2_d__rosidl_typesupport_introspection_c.h
[7.986s] -- Installing: /home/j/e2e_ws/install/yolo_msgs/include/yolo_msgs/yolo_msgs/msg/detail/vector2__rosidl_typesupport_introspection_c.h
[7.986s] -- Up-to-date: /home/j/e2e_ws/install/yolo_msgs/include/yolo_msgs/yolo_msgs/srv
[7.986s] -- Up-to-date: /home/j/e2e_ws/install/yolo_msgs/include/yolo_msgs/yolo_msgs/srv/detail
[7.987s] -- Installing: /home/j/e2e_ws/install/yolo_msgs/include/yolo_msgs/yolo_msgs/srv/detail/set_classes__type_support.c
[7.987s] -- Installing: /home/j/e2e_ws/install/yolo_msgs/include/yolo_msgs/yolo_msgs/srv/detail/set_classes__rosidl_typesupport_introspection_c.h
[7.987s] -- Installing: /home/j/e2e_ws/install/yolo_msgs/lib/libyolo_msgs__rosidl_typesupport_introspection_c.so
[7.987s] -- Set runtime path of "/home/j/e2e_ws/install/yolo_msgs/lib/libyolo_msgs__rosidl_typesupport_introspection_c.so" to ""
[7.987s] -- Installing: /home/j/e2e_ws/install/yolo_msgs/lib/libyolo_msgs__rosidl_typesupport_c.so
[7.987s] -- Set runtime path of "/home/j/e2e_ws/install/yolo_msgs/lib/libyolo_msgs__rosidl_typesupport_c.so" to ""
[7.987s] -- Up-to-date: /home/j/e2e_ws/install/yolo_msgs/include/yolo_msgs/yolo_msgs
[7.987s] -- Up-to-date: /home/j/e2e_ws/install/yolo_msgs/include/yolo_msgs/yolo_msgs/msg
[7.987s] -- Installing: /home/j/e2e_ws/install/yolo_msgs/include/yolo_msgs/yolo_msgs/msg/mask.hpp
[7.987s] -- Installing: /home/j/e2e_ws/install/yolo_msgs/include/yolo_msgs/yolo_msgs/msg/key_point3_d_array.hpp
[7.987s] -- Installing: /home/j/e2e_ws/install/yolo_msgs/include/yolo_msgs/yolo_msgs/msg/vector2.hpp
[7.987s] -- Installing: /home/j/e2e_ws/install/yolo_msgs/include/yolo_msgs/yolo_msgs/msg/bounding_box3_d.hpp
[7.988s] -- Installing: /home/j/e2e_ws/install/yolo_msgs/include/yolo_msgs/yolo_msgs/msg/key_point3_d.hpp
[7.988s] -- Installing: /home/j/e2e_ws/install/yolo_msgs/include/yolo_msgs/yolo_msgs/msg/key_point2_d_array.hpp
[7.988s] -- Installing: /home/j/e2e_ws/install/yolo_msgs/include/yolo_msgs/yolo_msgs/msg/detection.hpp
[7.988s] -- Installing: /home/j/e2e_ws/install/yolo_msgs/include/yolo_msgs/yolo_msgs/msg/pose2_d.hpp
[7.988s] -- Installing: /home/j/e2e_ws/install/yolo_msgs/include/yolo_msgs/yolo_msgs/msg/rosidl_generator_cpp__visibility_control.hpp
[7.988s] -- Installing: /home/j/e2e_ws/install/yolo_msgs/include/yolo_msgs/yolo_msgs/msg/detection_array.hpp
[7.988s] -- Installing: /home/j/e2e_ws/install/yolo_msgs/include/yolo_msgs/yolo_msgs/msg/point2_d.hpp
[7.988s] -- Installing: /home/j/e2e_ws/install/yolo_msgs/include/yolo_msgs/yolo_msgs/msg/key_point2_d.hpp
[7.988s] -- Up-to-date: /home/j/e2e_ws/install/yolo_msgs/include/yolo_msgs/yolo_msgs/msg/detail
[7.988s] -- Installing: /home/j/e2e_ws/install/yolo_msgs/include/yolo_msgs/yolo_msgs/msg/detail/key_point2_d__struct.hpp
[7.988s] -- Installing: /home/j/e2e_ws/install/yolo_msgs/include/yolo_msgs/yolo_msgs/msg/detail/key_point3_d__traits.hpp
[7.988s] -- Installing: /home/j/e2e_ws/install/yolo_msgs/include/yolo_msgs/yolo_msgs/msg/detail/mask__builder.hpp
[7.989s] -- Installing: /home/j/e2e_ws/install/yolo_msgs/include/yolo_msgs/yolo_msgs/msg/detail/bounding_box2_d__struct.hpp
[7.989s] -- Installing: /home/j/e2e_ws/install/yolo_msgs/include/yolo_msgs/yolo_msgs/msg/detail/vector2__type_support.hpp
[7.989s] -- Installing: /home/j/e2e_ws/install/yolo_msgs/include/yolo_msgs/yolo_msgs/msg/detail/point2_d__struct.hpp
[7.989s] -- Installing: /home/j/e2e_ws/install/yolo_msgs/include/yolo_msgs/yolo_msgs/msg/detail/bounding_box2_d__type_support.hpp
[7.989s] -- Installing: /home/j/e2e_ws/install/yolo_msgs/include/yolo_msgs/yolo_msgs/msg/detail/key_point2_d_array__type_support.hpp
[7.989s] -- Installing: /home/j/e2e_ws/install/yolo_msgs/include/yolo_msgs/yolo_msgs/msg/detail/key_point2_d__traits.hpp
[7.989s] -- Installing: /home/j/e2e_ws/install/yolo_msgs/include/yolo_msgs/yolo_msgs/msg/detail/detection__struct.hpp
[7.989s] -- Installing: /home/j/e2e_ws/install/yolo_msgs/include/yolo_msgs/yolo_msgs/msg/detail/point2_d__type_support.hpp
[7.989s] -- Installing: /home/j/e2e_ws/install/yolo_msgs/include/yolo_msgs/yolo_msgs/msg/detail/bounding_box3_d__traits.hpp
[7.989s] -- Installing: /home/j/e2e_ws/install/yolo_msgs/include/yolo_msgs/yolo_msgs/msg/detail/key_point3_d_array__builder.hpp
[7.989s] -- Installing: /home/j/e2e_ws/install/yolo_msgs/include/yolo_msgs/yolo_msgs/msg/detail/bounding_box2_d__builder.hpp
[7.989s] -- Installing: /home/j/e2e_ws/install/yolo_msgs/include/yolo_msgs/yolo_msgs/msg/detail/key_point2_d_array__builder.hpp
[7.989s] -- Installing: /home/j/e2e_ws/install/yolo_msgs/include/yolo_msgs/yolo_msgs/msg/detail/point2_d__builder.hpp
[7.990s] -- Installing: /home/j/e2e_ws/install/yolo_msgs/include/yolo_msgs/yolo_msgs/msg/detail/pose2_d__struct.hpp
[7.990s] -- Installing: /home/j/e2e_ws/install/yolo_msgs/include/yolo_msgs/yolo_msgs/msg/detail/detection__builder.hpp
[7.990s] -- Installing: /home/j/e2e_ws/install/yolo_msgs/include/yolo_msgs/yolo_msgs/msg/detail/bounding_box3_d__type_support.hpp
[7.990s] -- Installing: /home/j/e2e_ws/install/yolo_msgs/include/yolo_msgs/yolo_msgs/msg/detail/vector2__struct.hpp
[7.990s] -- Installing: /home/j/e2e_ws/install/yolo_msgs/include/yolo_msgs/yolo_msgs/msg/detail/detection_array__traits.hpp
[7.990s] -- Installing: /home/j/e2e_ws/install/yolo_msgs/include/yolo_msgs/yolo_msgs/msg/detail/mask__struct.hpp
[7.990s] -- Installing: /home/j/e2e_ws/install/yolo_msgs/include/yolo_msgs/yolo_msgs/msg/detail/vector2__traits.hpp
[7.990s] -- Installing: /home/j/e2e_ws/install/yolo_msgs/include/yolo_msgs/yolo_msgs/msg/detail/key_point3_d_array__type_support.hpp
[7.990s] -- Installing: /home/j/e2e_ws/install/yolo_msgs/include/yolo_msgs/yolo_msgs/msg/detail/key_point2_d_array__struct.hpp
[7.990s] -- Installing: /home/j/e2e_ws/install/yolo_msgs/include/yolo_msgs/yolo_msgs/msg/detail/detection__traits.hpp
[7.990s] -- Installing: /home/j/e2e_ws/install/yolo_msgs/include/yolo_msgs/yolo_msgs/msg/detail/vector2__builder.hpp
[7.990s] -- Installing: /home/j/e2e_ws/install/yolo_msgs/include/yolo_msgs/yolo_msgs/msg/detail/key_point3_d__builder.hpp
[7.990s] -- Installing: /home/j/e2e_ws/install/yolo_msgs/include/yolo_msgs/yolo_msgs/msg/detail/pose2_d__type_support.hpp
[7.990s] -- Installing: /home/j/e2e_ws/install/yolo_msgs/include/yolo_msgs/yolo_msgs/msg/detail/key_point2_d_array__traits.hpp
[7.990s] -- Installing: /home/j/e2e_ws/install/yolo_msgs/include/yolo_msgs/yolo_msgs/msg/detail/detection_array__struct.hpp
[7.990s] -- Installing: /home/j/e2e_ws/install/yolo_msgs/include/yolo_msgs/yolo_msgs/msg/detail/mask__type_support.hpp
[7.990s] -- Installing: /home/j/e2e_ws/install/yolo_msgs/include/yolo_msgs/yolo_msgs/msg/detail/point2_d__traits.hpp
[7.991s] -- Installing: /home/j/e2e_ws/install/yolo_msgs/include/yolo_msgs/yolo_msgs/msg/detail/key_point3_d_array__traits.hpp
[7.991s] -- Installing: /home/j/e2e_ws/install/yolo_msgs/include/yolo_msgs/yolo_msgs/msg/detail/key_point2_d__type_support.hpp
[7.991s] -- Installing: /home/j/e2e_ws/install/yolo_msgs/include/yolo_msgs/yolo_msgs/msg/detail/pose2_d__builder.hpp
[7.991s] -- Installing: /home/j/e2e_ws/install/yolo_msgs/include/yolo_msgs/yolo_msgs/msg/detail/bounding_box3_d__builder.hpp
[7.991s] -- Installing: /home/j/e2e_ws/install/yolo_msgs/include/yolo_msgs/yolo_msgs/msg/detail/key_point3_d__struct.hpp
[7.991s] -- Installing: /home/j/e2e_ws/install/yolo_msgs/include/yolo_msgs/yolo_msgs/msg/detail/mask__traits.hpp
[7.991s] -- Installing: /home/j/e2e_ws/install/yolo_msgs/include/yolo_msgs/yolo_msgs/msg/detail/detection_array__type_support.hpp
[7.991s] -- Installing: /home/j/e2e_ws/install/yolo_msgs/include/yolo_msgs/yolo_msgs/msg/detail/detection_array__builder.hpp
[7.991s] -- Installing: /home/j/e2e_ws/install/yolo_msgs/include/yolo_msgs/yolo_msgs/msg/detail/pose2_d__traits.hpp
[7.991s] -- Installing: /home/j/e2e_ws/install/yolo_msgs/include/yolo_msgs/yolo_msgs/msg/detail/key_point3_d__type_support.hpp
[7.991s] -- Installing: /home/j/e2e_ws/install/yolo_msgs/include/yolo_msgs/yolo_msgs/msg/detail/key_point3_d_array__struct.hpp
[7.991s] -- Installing: /home/j/e2e_ws/install/yolo_msgs/include/yolo_msgs/yolo_msgs/msg/detail/key_point2_d__builder.hpp
[7.991s] -- Installing: /home/j/e2e_ws/install/yolo_msgs/include/yolo_msgs/yolo_msgs/msg/detail/bounding_box3_d__struct.hpp
[7.991s] -- Installing: /home/j/e2e_ws/install/yolo_msgs/include/yolo_msgs/yolo_msgs/msg/detail/bounding_box2_d__traits.hpp
[7.991s] -- Installing: /home/j/e2e_ws/install/yolo_msgs/include/yolo_msgs/yolo_msgs/msg/detail/detection__type_support.hpp
[7.992s] -- Installing: /home/j/e2e_ws/install/yolo_msgs/include/yolo_msgs/yolo_msgs/msg/bounding_box2_d.hpp
[7.992s] -- Up-to-date: /home/j/e2e_ws/install/yolo_msgs/include/yolo_msgs/yolo_msgs/srv
[7.992s] -- Installing: /home/j/e2e_ws/install/yolo_msgs/include/yolo_msgs/yolo_msgs/srv/set_classes.hpp
[7.992s] -- Up-to-date: /home/j/e2e_ws/install/yolo_msgs/include/yolo_msgs/yolo_msgs/srv/detail
[7.992s] -- Installing: /home/j/e2e_ws/install/yolo_msgs/include/yolo_msgs/yolo_msgs/srv/detail/set_classes__builder.hpp
[7.992s] -- Installing: /home/j/e2e_ws/install/yolo_msgs/include/yolo_msgs/yolo_msgs/srv/detail/set_classes__type_support.hpp
[7.992s] -- Installing: /home/j/e2e_ws/install/yolo_msgs/include/yolo_msgs/yolo_msgs/srv/detail/set_classes__struct.hpp
[7.992s] -- Installing: /home/j/e2e_ws/install/yolo_msgs/include/yolo_msgs/yolo_msgs/srv/detail/set_classes__traits.hpp
[7.992s] -- Up-to-date: /home/j/e2e_ws/install/yolo_msgs/include/yolo_msgs/yolo_msgs
[7.992s] -- Up-to-date: /home/j/e2e_ws/install/yolo_msgs/include/yolo_msgs/yolo_msgs/msg
[7.992s] -- Installing: /home/j/e2e_ws/install/yolo_msgs/include/yolo_msgs/yolo_msgs/msg/rosidl_typesupport_fastrtps_cpp__visibility_control.h
[7.992s] -- Up-to-date: /home/j/e2e_ws/install/yolo_msgs/include/yolo_msgs/yolo_msgs/msg/detail
[7.992s] -- Installing: /home/j/e2e_ws/install/yolo_msgs/include/yolo_msgs/yolo_msgs/msg/detail/pose2_d__rosidl_typesupport_fastrtps_cpp.hpp
[7.992s] -- Installing: /home/j/e2e_ws/install/yolo_msgs/include/yolo_msgs/yolo_msgs/msg/detail/bounding_box3_d__rosidl_typesupport_fastrtps_cpp.hpp
[7.992s] -- Installing: /home/j/e2e_ws/install/yolo_msgs/include/yolo_msgs/yolo_msgs/msg/detail/key_point3_d_array__rosidl_typesupport_fastrtps_cpp.hpp
[7.992s] -- Installing: /home/j/e2e_ws/install/yolo_msgs/include/yolo_msgs/yolo_msgs/msg/detail/mask__rosidl_typesupport_fastrtps_cpp.hpp
[7.992s] -- Installing: /home/j/e2e_ws/install/yolo_msgs/include/yolo_msgs/yolo_msgs/msg/detail/dds_fastrtps
[7.993s] -- Installing: /home/j/e2e_ws/install/yolo_msgs/include/yolo_msgs/yolo_msgs/msg/detail/bounding_box2_d__rosidl_typesupport_fastrtps_cpp.hpp
[7.993s] -- Installing: /home/j/e2e_ws/install/yolo_msgs/include/yolo_msgs/yolo_msgs/msg/detail/key_point3_d__rosidl_typesupport_fastrtps_cpp.hpp
[7.993s] -- Installing: /home/j/e2e_ws/install/yolo_msgs/include/yolo_msgs/yolo_msgs/msg/detail/detection__rosidl_typesupport_fastrtps_cpp.hpp
[7.993s] -- Installing: /home/j/e2e_ws/install/yolo_msgs/include/yolo_msgs/yolo_msgs/msg/detail/key_point2_d__rosidl_typesupport_fastrtps_cpp.hpp
[7.993s] -- Installing: /home/j/e2e_ws/install/yolo_msgs/include/yolo_msgs/yolo_msgs/msg/detail/detection_array__rosidl_typesupport_fastrtps_cpp.hpp
[7.993s] -- Installing: /home/j/e2e_ws/install/yolo_msgs/include/yolo_msgs/yolo_msgs/msg/detail/key_point2_d_array__rosidl_typesupport_fastrtps_cpp.hpp
[7.993s] -- Installing: /home/j/e2e_ws/install/yolo_msgs/include/yolo_msgs/yolo_msgs/msg/detail/vector2__rosidl_typesupport_fastrtps_cpp.hpp
[7.993s] -- Installing: /home/j/e2e_ws/install/yolo_msgs/include/yolo_msgs/yolo_msgs/msg/detail/point2_d__rosidl_typesupport_fastrtps_cpp.hpp
[7.993s] -- Up-to-date: /home/j/e2e_ws/install/yolo_msgs/include/yolo_msgs/yolo_msgs/srv
[7.993s] -- Up-to-date: /home/j/e2e_ws/install/yolo_msgs/include/yolo_msgs/yolo_msgs/srv/detail
[7.993s] -- Installing: /home/j/e2e_ws/install/yolo_msgs/include/yolo_msgs/yolo_msgs/srv/detail/set_classes__rosidl_typesupport_fastrtps_cpp.hpp
[7.993s] -- Installing: /home/j/e2e_ws/install/yolo_msgs/include/yolo_msgs/yolo_msgs/srv/detail/dds_fastrtps
[7.993s] -- Installing: /home/j/e2e_ws/install/yolo_msgs/lib/libyolo_msgs__rosidl_typesupport_fastrtps_cpp.so
[7.993s] -- Set runtime path of "/home/j/e2e_ws/install/yolo_msgs/lib/libyolo_msgs__rosidl_typesupport_fastrtps_cpp.so" to ""
[7.993s] -- Up-to-date: /home/j/e2e_ws/install/yolo_msgs/include/yolo_msgs/yolo_msgs
[7.993s] -- Up-to-date: /home/j/e2e_ws/install/yolo_msgs/include/yolo_msgs/yolo_msgs/msg
[7.994s] -- Up-to-date: /home/j/e2e_ws/install/yolo_msgs/include/yolo_msgs/yolo_msgs/msg/detail
[7.994s] -- Installing: /home/j/e2e_ws/install/yolo_msgs/include/yolo_msgs/yolo_msgs/msg/detail/key_point2_d_array__type_support.cpp
[7.994s] -- Installing: /home/j/e2e_ws/install/yolo_msgs/include/yolo_msgs/yolo_msgs/msg/detail/vector2__type_support.cpp
[7.994s] -- Installing: /home/j/e2e_ws/install/yolo_msgs/include/yolo_msgs/yolo_msgs/msg/detail/key_point2_d__rosidl_typesupport_introspection_cpp.hpp
[7.994s] -- Installing: /home/j/e2e_ws/install/yolo_msgs/include/yolo_msgs/yolo_msgs/msg/detail/key_point3_d_array__rosidl_typesupport_introspection_cpp.hpp
[7.994s] -- Installing: /home/j/e2e_ws/install/yolo_msgs/include/yolo_msgs/yolo_msgs/msg/detail/mask__type_support.cpp
[7.994s] -- Installing: /home/j/e2e_ws/install/yolo_msgs/include/yolo_msgs/yolo_msgs/msg/detail/detection_array__type_support.cpp
[7.994s] -- Installing: /home/j/e2e_ws/install/yolo_msgs/include/yolo_msgs/yolo_msgs/msg/detail/detection__type_support.cpp
[7.994s] -- Installing: /home/j/e2e_ws/install/yolo_msgs/include/yolo_msgs/yolo_msgs/msg/detail/key_point2_d_array__rosidl_typesupport_introspection_cpp.hpp
[7.994s] -- Installing: /home/j/e2e_ws/install/yolo_msgs/include/yolo_msgs/yolo_msgs/msg/detail/key_point2_d__type_support.cpp
[7.994s] -- Installing: /home/j/e2e_ws/install/yolo_msgs/include/yolo_msgs/yolo_msgs/msg/detail/point2_d__rosidl_typesupport_introspection_cpp.hpp
[7.994s] -- Installing: /home/j/e2e_ws/install/yolo_msgs/include/yolo_msgs/yolo_msgs/msg/detail/point2_d__type_support.cpp
[7.994s] -- Installing: /home/j/e2e_ws/install/yolo_msgs/include/yolo_msgs/yolo_msgs/msg/detail/vector2__rosidl_typesupport_introspection_cpp.hpp
[7.994s] -- Installing: /home/j/e2e_ws/install/yolo_msgs/include/yolo_msgs/yolo_msgs/msg/detail/detection_array__rosidl_typesupport_introspection_cpp.hpp
[7.994s] -- Installing: /home/j/e2e_ws/install/yolo_msgs/include/yolo_msgs/yolo_msgs/msg/detail/bounding_box2_d__type_support.cpp
[7.994s] -- Installing: /home/j/e2e_ws/install/yolo_msgs/include/yolo_msgs/yolo_msgs/msg/detail/key_point3_d_array__type_support.cpp
[7.995s] -- Installing: /home/j/e2e_ws/install/yolo_msgs/include/yolo_msgs/yolo_msgs/msg/detail/bounding_box3_d__type_support.cpp
[7.995s] -- Installing: /home/j/e2e_ws/install/yolo_msgs/include/yolo_msgs/yolo_msgs/msg/detail/pose2_d__rosidl_typesupport_introspection_cpp.hpp
[7.995s] -- Installing: /home/j/e2e_ws/install/yolo_msgs/include/yolo_msgs/yolo_msgs/msg/detail/bounding_box2_d__rosidl_typesupport_introspection_cpp.hpp
[7.995s] -- Installing: /home/j/e2e_ws/install/yolo_msgs/include/yolo_msgs/yolo_msgs/msg/detail/pose2_d__type_support.cpp
[7.995s] -- Installing: /home/j/e2e_ws/install/yolo_msgs/include/yolo_msgs/yolo_msgs/msg/detail/key_point3_d__rosidl_typesupport_introspection_cpp.hpp
[7.995s] -- Installing: /home/j/e2e_ws/install/yolo_msgs/include/yolo_msgs/yolo_msgs/msg/detail/mask__rosidl_typesupport_introspection_cpp.hpp
[7.995s] -- Installing: /home/j/e2e_ws/install/yolo_msgs/include/yolo_msgs/yolo_msgs/msg/detail/detection__rosidl_typesupport_introspection_cpp.hpp
[7.995s] -- Installing: /home/j/e2e_ws/install/yolo_msgs/include/yolo_msgs/yolo_msgs/msg/detail/key_point3_d__type_support.cpp
[7.995s] -- Installing: /home/j/e2e_ws/install/yolo_msgs/include/yolo_msgs/yolo_msgs/msg/detail/bounding_box3_d__rosidl_typesupport_introspection_cpp.hpp
[7.995s] -- Up-to-date: /home/j/e2e_ws/install/yolo_msgs/include/yolo_msgs/yolo_msgs/srv
[7.995s] -- Up-to-date: /home/j/e2e_ws/install/yolo_msgs/include/yolo_msgs/yolo_msgs/srv/detail
[7.995s] -- Installing: /home/j/e2e_ws/install/yolo_msgs/include/yolo_msgs/yolo_msgs/srv/detail/set_classes__type_support.cpp
[7.995s] -- Installing: /home/j/e2e_ws/install/yolo_msgs/include/yolo_msgs/yolo_msgs/srv/detail/set_classes__rosidl_typesupport_introspection_cpp.hpp
[7.995s] -- Installing: /home/j/e2e_ws/install/yolo_msgs/lib/libyolo_msgs__rosidl_typesupport_introspection_cpp.so
[7.995s] -- Set runtime path of "/home/j/e2e_ws/install/yolo_msgs/lib/libyolo_msgs__rosidl_typesupport_introspection_cpp.so" to ""
[7.995s] -- Installing: /home/j/e2e_ws/install/yolo_msgs/lib/libyolo_msgs__rosidl_typesupport_cpp.so
[7.996s] -- Set runtime path of "/home/j/e2e_ws/install/yolo_msgs/lib/libyolo_msgs__rosidl_typesupport_cpp.so" to ""
[7.996s] -- Installing: /home/j/e2e_ws/install/yolo_msgs/share/yolo_msgs/environment/pythonpath.sh
[7.996s] -- Installing: /home/j/e2e_ws/install/yolo_msgs/share/yolo_msgs/environment/pythonpath.dsv
[7.996s] -- Installing: /home/j/e2e_ws/install/yolo_msgs/local/lib/python3.10/dist-packages/yolo_msgs-4.2.0-py3.10.egg-info
[7.996s] -- Installing: /home/j/e2e_ws/install/yolo_msgs/local/lib/python3.10/dist-packages/yolo_msgs-4.2.0-py3.10.egg-info/dependency_links.txt
[7.996s] -- Installing: /home/j/e2e_ws/install/yolo_msgs/local/lib/python3.10/dist-packages/yolo_msgs-4.2.0-py3.10.egg-info/top_level.txt
[7.996s] -- Installing: /home/j/e2e_ws/install/yolo_msgs/local/lib/python3.10/dist-packages/yolo_msgs-4.2.0-py3.10.egg-info/SOURCES.txt
[7.996s] -- Installing: /home/j/e2e_ws/install/yolo_msgs/local/lib/python3.10/dist-packages/yolo_msgs-4.2.0-py3.10.egg-info/PKG-INFO
[7.996s] -- Installing: /home/j/e2e_ws/install/yolo_msgs/local/lib/python3.10/dist-packages/yolo_msgs
[7.996s] -- Installing: /home/j/e2e_ws/install/yolo_msgs/local/lib/python3.10/dist-packages/yolo_msgs/msg
[7.996s] -- Installing: /home/j/e2e_ws/install/yolo_msgs/local/lib/python3.10/dist-packages/yolo_msgs/msg/_key_point2_d.py
[7.996s] -- Installing: /home/j/e2e_ws/install/yolo_msgs/local/lib/python3.10/dist-packages/yolo_msgs/msg/_detection_array_s.c
[7.996s] -- Installing: /home/j/e2e_ws/install/yolo_msgs/local/lib/python3.10/dist-packages/yolo_msgs/msg/_pose2_d_s.c
[7.996s] -- Installing: /home/j/e2e_ws/install/yolo_msgs/local/lib/python3.10/dist-packages/yolo_msgs/msg/_point2_d_s.c
[7.996s] -- Installing: /home/j/e2e_ws/install/yolo_msgs/local/lib/python3.10/dist-packages/yolo_msgs/msg/_key_point3_d_array.py
[7.996s] -- Installing: /home/j/e2e_ws/install/yolo_msgs/local/lib/python3.10/dist-packages/yolo_msgs/msg/_point2_d.py
[7.997s] -- Installing: /home/j/e2e_ws/install/yolo_msgs/local/lib/python3.10/dist-packages/yolo_msgs/msg/_detection_s.c
[7.997s] -- Installing: /home/j/e2e_ws/install/yolo_msgs/local/lib/python3.10/dist-packages/yolo_msgs/msg/_detection.py
[7.997s] -- Installing: /home/j/e2e_ws/install/yolo_msgs/local/lib/python3.10/dist-packages/yolo_msgs/msg/_bounding_box3_d.py
[7.997s] -- Installing: /home/j/e2e_ws/install/yolo_msgs/local/lib/python3.10/dist-packages/yolo_msgs/msg/_mask_s.c
[7.997s] -- Installing: /home/j/e2e_ws/install/yolo_msgs/local/lib/python3.10/dist-packages/yolo_msgs/msg/_key_point3_d_array_s.c
[7.997s] -- Installing: /home/j/e2e_ws/install/yolo_msgs/local/lib/python3.10/dist-packages/yolo_msgs/msg/_key_point3_d.py
[7.997s] -- Installing: /home/j/e2e_ws/install/yolo_msgs/local/lib/python3.10/dist-packages/yolo_msgs/msg/_bounding_box2_d_s.c
[7.997s] -- Installing: /home/j/e2e_ws/install/yolo_msgs/local/lib/python3.10/dist-packages/yolo_msgs/msg/_pose2_d.py
[7.997s] -- Installing: /home/j/e2e_ws/install/yolo_msgs/local/lib/python3.10/dist-packages/yolo_msgs/msg/_vector2_s.c
[7.997s] -- Installing: /home/j/e2e_ws/install/yolo_msgs/local/lib/python3.10/dist-packages/yolo_msgs/msg/_key_point2_d_array.py
[7.997s] -- Installing: /home/j/e2e_ws/install/yolo_msgs/local/lib/python3.10/dist-packages/yolo_msgs/msg/_key_point2_d_s.c
[7.997s] -- Installing: /home/j/e2e_ws/install/yolo_msgs/local/lib/python3.10/dist-packages/yolo_msgs/msg/__init__.py
[7.997s] -- Installing: /home/j/e2e_ws/install/yolo_msgs/local/lib/python3.10/dist-packages/yolo_msgs/msg/_detection_array.py
[7.997s] -- Installing: /home/j/e2e_ws/install/yolo_msgs/local/lib/python3.10/dist-packages/yolo_msgs/msg/_mask.py
[7.997s] -- Installing: /home/j/e2e_ws/install/yolo_msgs/local/lib/python3.10/dist-packages/yolo_msgs/msg/_bounding_box2_d.py
[7.997s] -- Installing: /home/j/e2e_ws/install/yolo_msgs/local/lib/python3.10/dist-packages/yolo_msgs/msg/_vector2.py
[7.998s] -- Installing: /home/j/e2e_ws/install/yolo_msgs/local/lib/python3.10/dist-packages/yolo_msgs/msg/_key_point2_d_array_s.c
[7.998s] -- Installing: /home/j/e2e_ws/install/yolo_msgs/local/lib/python3.10/dist-packages/yolo_msgs/msg/_key_point3_d_s.c
[7.998s] -- Installing: /home/j/e2e_ws/install/yolo_msgs/local/lib/python3.10/dist-packages/yolo_msgs/msg/_bounding_box3_d_s.c
[7.998s] -- Installing: /home/j/e2e_ws/install/yolo_msgs/local/lib/python3.10/dist-packages/yolo_msgs/yolo_msgs_s__rosidl_typesupport_fastrtps_c.cpython-310-x86_64-linux-gnu.so
[7.998s] -- Installing: /home/j/e2e_ws/install/yolo_msgs/local/lib/python3.10/dist-packages/yolo_msgs/libyolo_msgs__rosidl_generator_py.so
[7.998s] -- Installing: /home/j/e2e_ws/install/yolo_msgs/local/lib/python3.10/dist-packages/yolo_msgs/yolo_msgs_s__rosidl_typesupport_introspection_c.cpython-310-x86_64-linux-gnu.so
[7.998s] -- Installing: /home/j/e2e_ws/install/yolo_msgs/local/lib/python3.10/dist-packages/yolo_msgs/srv
[7.998s] -- Installing: /home/j/e2e_ws/install/yolo_msgs/local/lib/python3.10/dist-packages/yolo_msgs/srv/_set_classes_s.c
[7.998s] -- Installing: /home/j/e2e_ws/install/yolo_msgs/local/lib/python3.10/dist-packages/yolo_msgs/srv/__init__.py
[7.998s] -- Installing: /home/j/e2e_ws/install/yolo_msgs/local/lib/python3.10/dist-packages/yolo_msgs/srv/_set_classes.py
[7.998s] -- Installing: /home/j/e2e_ws/install/yolo_msgs/local/lib/python3.10/dist-packages/yolo_msgs/__init__.py
[7.998s] -- Installing: /home/j/e2e_ws/install/yolo_msgs/local/lib/python3.10/dist-packages/yolo_msgs/_yolo_msgs_s.ep.rosidl_typesupport_c.c
[7.998s] -- Installing: /home/j/e2e_ws/install/yolo_msgs/local/lib/python3.10/dist-packages/yolo_msgs/yolo_msgs_s__rosidl_typesupport_c.cpython-310-x86_64-linux-gnu.so
[7.998s] -- Installing: /home/j/e2e_ws/install/yolo_msgs/local/lib/python3.10/dist-packages/yolo_msgs/_yolo_msgs_s.ep.rosidl_typesupport_fastrtps_c.c
[7.998s] -- Installing: /home/j/e2e_ws/install/yolo_msgs/local/lib/python3.10/dist-packages/yolo_msgs/_yolo_msgs_s.ep.rosidl_typesupport_introspection_c.c
[8.038s] Listing '/home/j/e2e_ws/install/yolo_msgs/local/lib/python3.10/dist-packages/yolo_msgs'...
[8.039s] Compiling '/home/j/e2e_ws/install/yolo_msgs/local/lib/python3.10/dist-packages/yolo_msgs/__init__.py'...
[8.039s] Listing '/home/j/e2e_ws/install/yolo_msgs/local/lib/python3.10/dist-packages/yolo_msgs/msg'...
[8.039s] Compiling '/home/j/e2e_ws/install/yolo_msgs/local/lib/python3.10/dist-packages/yolo_msgs/msg/__init__.py'...
[8.039s] Compiling '/home/j/e2e_ws/install/yolo_msgs/local/lib/python3.10/dist-packages/yolo_msgs/msg/_bounding_box2_d.py'...
[8.039s] Compiling '/home/j/e2e_ws/install/yolo_msgs/local/lib/python3.10/dist-packages/yolo_msgs/msg/_bounding_box3_d.py'...
[8.039s] Compiling '/home/j/e2e_ws/install/yolo_msgs/local/lib/python3.10/dist-packages/yolo_msgs/msg/_detection.py'...
[8.039s] Compiling '/home/j/e2e_ws/install/yolo_msgs/local/lib/python3.10/dist-packages/yolo_msgs/msg/_detection_array.py'...
[8.039s] Compiling '/home/j/e2e_ws/install/yolo_msgs/local/lib/python3.10/dist-packages/yolo_msgs/msg/_key_point2_d.py'...
[8.039s] Compiling '/home/j/e2e_ws/install/yolo_msgs/local/lib/python3.10/dist-packages/yolo_msgs/msg/_key_point2_d_array.py'...
[8.039s] Compiling '/home/j/e2e_ws/install/yolo_msgs/local/lib/python3.10/dist-packages/yolo_msgs/msg/_key_point3_d.py'...
[8.039s] Compiling '/home/j/e2e_ws/install/yolo_msgs/local/lib/python3.10/dist-packages/yolo_msgs/msg/_key_point3_d_array.py'...
[8.039s] Compiling '/home/j/e2e_ws/install/yolo_msgs/local/lib/python3.10/dist-packages/yolo_msgs/msg/_mask.py'...
[8.039s] Compiling '/home/j/e2e_ws/install/yolo_msgs/local/lib/python3.10/dist-packages/yolo_msgs/msg/_point2_d.py'...
[8.039s] Compiling '/home/j/e2e_ws/install/yolo_msgs/local/lib/python3.10/dist-packages/yolo_msgs/msg/_pose2_d.py'...
[8.039s] Compiling '/home/j/e2e_ws/install/yolo_msgs/local/lib/python3.10/dist-packages/yolo_msgs/msg/_vector2.py'...
[8.039s] Listing '/home/j/e2e_ws/install/yolo_msgs/local/lib/python3.10/dist-packages/yolo_msgs/srv'...
[8.040s] Compiling '/home/j/e2e_ws/install/yolo_msgs/local/lib/python3.10/dist-packages/yolo_msgs/srv/__init__.py'...
[8.040s] Compiling '/home/j/e2e_ws/install/yolo_msgs/local/lib/python3.10/dist-packages/yolo_msgs/srv/_set_classes.py'...
[8.043s] -- Installing: /home/j/e2e_ws/install/yolo_msgs/local/lib/python3.10/dist-packages/yolo_msgs/yolo_msgs_s__rosidl_typesupport_fastrtps_c.cpython-310-x86_64-linux-gnu.so
[8.043s] -- Set runtime path of "/home/j/e2e_ws/install/yolo_msgs/local/lib/python3.10/dist-packages/yolo_msgs/yolo_msgs_s__rosidl_typesupport_fastrtps_c.cpython-310-x86_64-linux-gnu.so" to ""
[8.043s] -- Installing: /home/j/e2e_ws/install/yolo_msgs/local/lib/python3.10/dist-packages/yolo_msgs/yolo_msgs_s__rosidl_typesupport_introspection_c.cpython-310-x86_64-linux-gnu.so
[8.044s] -- Set runtime path of "/home/j/e2e_ws/install/yolo_msgs/local/lib/python3.10/dist-packages/yolo_msgs/yolo_msgs_s__rosidl_typesupport_introspection_c.cpython-310-x86_64-linux-gnu.so" to ""
[8.044s] -- Installing: /home/j/e2e_ws/install/yolo_msgs/local/lib/python3.10/dist-packages/yolo_msgs/yolo_msgs_s__rosidl_typesupport_c.cpython-310-x86_64-linux-gnu.so
[8.044s] -- Set runtime path of "/home/j/e2e_ws/install/yolo_msgs/local/lib/python3.10/dist-packages/yolo_msgs/yolo_msgs_s__rosidl_typesupport_c.cpython-310-x86_64-linux-gnu.so" to ""
[8.044s] -- Installing: /home/j/e2e_ws/install/yolo_msgs/lib/libyolo_msgs__rosidl_generator_py.so
[8.045s] -- Set runtime path of "/home/j/e2e_ws/install/yolo_msgs/lib/libyolo_msgs__rosidl_generator_py.so" to ""
[8.045s] -- Installing: /home/j/e2e_ws/install/yolo_msgs/share/yolo_msgs/msg/Point2D.idl
[8.045s] -- Installing: /home/j/e2e_ws/install/yolo_msgs/share/yolo_msgs/msg/Vector2.idl
[8.045s] -- Installing: /home/j/e2e_ws/install/yolo_msgs/share/yolo_msgs/msg/Pose2D.idl
[8.045s] -- Installing: /home/j/e2e_ws/install/yolo_msgs/share/yolo_msgs/msg/BoundingBox2D.idl
[8.045s] -- Installing: /home/j/e2e_ws/install/yolo_msgs/share/yolo_msgs/msg/BoundingBox3D.idl
[8.045s] -- Installing: /home/j/e2e_ws/install/yolo_msgs/share/yolo_msgs/msg/Mask.idl
[8.045s] -- Installing: /home/j/e2e_ws/install/yolo_msgs/share/yolo_msgs/msg/KeyPoint2D.idl
[8.046s] -- Installing: /home/j/e2e_ws/install/yolo_msgs/share/yolo_msgs/msg/KeyPoint2DArray.idl
[8.046s] -- Installing: /home/j/e2e_ws/install/yolo_msgs/share/yolo_msgs/msg/KeyPoint3D.idl
[8.046s] -- Installing: /home/j/e2e_ws/install/yolo_msgs/share/yolo_msgs/msg/KeyPoint3DArray.idl
[8.046s] -- Installing: /home/j/e2e_ws/install/yolo_msgs/share/yolo_msgs/msg/Detection.idl
[8.046s] -- Installing: /home/j/e2e_ws/install/yolo_msgs/share/yolo_msgs/msg/DetectionArray.idl
[8.046s] -- Installing: /home/j/e2e_ws/install/yolo_msgs/share/yolo_msgs/srv/SetClasses.idl
[8.046s] -- Installing: /home/j/e2e_ws/install/yolo_msgs/share/yolo_msgs/msg/Point2D.msg
[8.046s] -- Installing: /home/j/e2e_ws/install/yolo_msgs/share/yolo_msgs/msg/Vector2.msg
[8.047s] -- Installing: /home/j/e2e_ws/install/yolo_msgs/share/yolo_msgs/msg/Pose2D.msg
[8.047s] -- Installing: /home/j/e2e_ws/install/yolo_msgs/share/yolo_msgs/msg/BoundingBox2D.msg
[8.047s] -- Installing: /home/j/e2e_ws/install/yolo_msgs/share/yolo_msgs/msg/BoundingBox3D.msg
[8.047s] -- Installing: /home/j/e2e_ws/install/yolo_msgs/share/yolo_msgs/msg/Mask.msg
[8.047s] -- Installing: /home/j/e2e_ws/install/yolo_msgs/share/yolo_msgs/msg/KeyPoint2D.msg
[8.047s] -- Installing: /home/j/e2e_ws/install/yolo_msgs/share/yolo_msgs/msg/KeyPoint2DArray.msg
[8.047s] -- Installing: /home/j/e2e_ws/install/yolo_msgs/share/yolo_msgs/msg/KeyPoint3D.msg
[8.047s] -- Installing: /home/j/e2e_ws/install/yolo_msgs/share/yolo_msgs/msg/KeyPoint3DArray.msg
[8.047s] -- Installing: /home/j/e2e_ws/install/yolo_msgs/share/yolo_msgs/msg/Detection.msg
[8.048s] -- Installing: /home/j/e2e_ws/install/yolo_msgs/share/yolo_msgs/msg/DetectionArray.msg
[8.048s] -- Installing: /home/j/e2e_ws/install/yolo_msgs/share/yolo_msgs/srv/SetClasses.srv
[8.048s] -- Installing: /home/j/e2e_ws/install/yolo_msgs/share/yolo_msgs/srv/SetClasses_Request.msg
[8.048s] -- Installing: /home/j/e2e_ws/install/yolo_msgs/share/yolo_msgs/srv/SetClasses_Response.msg
[8.048s] -- Installing: /home/j/e2e_ws/install/yolo_msgs/share/ament_index/resource_index/package_run_dependencies/yolo_msgs
[8.048s] -- Installing: /home/j/e2e_ws/install/yolo_msgs/share/ament_index/resource_index/parent_prefix_path/yolo_msgs
[8.048s] -- Installing: /home/j/e2e_ws/install/yolo_msgs/share/yolo_msgs/environment/ament_prefix_path.sh
[8.048s] -- Installing: /home/j/e2e_ws/install/yolo_msgs/share/yolo_msgs/environment/ament_prefix_path.dsv
[8.049s] -- Installing: /home/j/e2e_ws/install/yolo_msgs/share/yolo_msgs/environment/path.sh
[8.049s] -- Installing: /home/j/e2e_ws/install/yolo_msgs/share/yolo_msgs/environment/path.dsv
[8.049s] -- Installing: /home/j/e2e_ws/install/yolo_msgs/share/yolo_msgs/local_setup.bash
[8.049s] -- Installing: /home/j/e2e_ws/install/yolo_msgs/share/yolo_msgs/local_setup.sh
[8.049s] -- Installing: /home/j/e2e_ws/install/yolo_msgs/share/yolo_msgs/local_setup.zsh
[8.049s] -- Installing: /home/j/e2e_ws/install/yolo_msgs/share/yolo_msgs/local_setup.dsv
[8.049s] -- Installing: /home/j/e2e_ws/install/yolo_msgs/share/yolo_msgs/package.dsv
[8.049s] -- Installing: /home/j/e2e_ws/install/yolo_msgs/share/ament_index/resource_index/packages/yolo_msgs
[8.050s] -- Installing: /home/j/e2e_ws/install/yolo_msgs/share/yolo_msgs/cmake/export_yolo_msgs__rosidl_generator_cExport.cmake
[8.050s] -- Installing: /home/j/e2e_ws/install/yolo_msgs/share/yolo_msgs/cmake/export_yolo_msgs__rosidl_generator_cExport-noconfig.cmake
[8.050s] -- Installing: /home/j/e2e_ws/install/yolo_msgs/share/yolo_msgs/cmake/export_yolo_msgs__rosidl_typesupport_fastrtps_cExport.cmake
[8.050s] -- Installing: /home/j/e2e_ws/install/yolo_msgs/share/yolo_msgs/cmake/export_yolo_msgs__rosidl_typesupport_fastrtps_cExport-noconfig.cmake
[8.050s] -- Installing: /home/j/e2e_ws/install/yolo_msgs/share/yolo_msgs/cmake/yolo_msgs__rosidl_typesupport_introspection_cExport.cmake
[8.050s] -- Installing: /home/j/e2e_ws/install/yolo_msgs/share/yolo_msgs/cmake/yolo_msgs__rosidl_typesupport_introspection_cExport-noconfig.cmake
[8.050s] -- Installing: /home/j/e2e_ws/install/yolo_msgs/share/yolo_msgs/cmake/yolo_msgs__rosidl_typesupport_cExport.cmake
[8.051s] -- Installing: /home/j/e2e_ws/install/yolo_msgs/share/yolo_msgs/cmake/yolo_msgs__rosidl_typesupport_cExport-noconfig.cmake
[8.051s] -- Installing: /home/j/e2e_ws/install/yolo_msgs/share/yolo_msgs/cmake/export_yolo_msgs__rosidl_generator_cppExport.cmake
[8.051s] -- Installing: /home/j/e2e_ws/install/yolo_msgs/share/yolo_msgs/cmake/export_yolo_msgs__rosidl_typesupport_fastrtps_cppExport.cmake
[8.051s] -- Installing: /home/j/e2e_ws/install/yolo_msgs/share/yolo_msgs/cmake/export_yolo_msgs__rosidl_typesupport_fastrtps_cppExport-noconfig.cmake
[8.051s] -- Installing: /home/j/e2e_ws/install/yolo_msgs/share/yolo_msgs/cmake/yolo_msgs__rosidl_typesupport_introspection_cppExport.cmake
[8.051s] -- Installing: /home/j/e2e_ws/install/yolo_msgs/share/yolo_msgs/cmake/yolo_msgs__rosidl_typesupport_introspection_cppExport-noconfig.cmake
[8.051s] -- Installing: /home/j/e2e_ws/install/yolo_msgs/share/yolo_msgs/cmake/yolo_msgs__rosidl_typesupport_cppExport.cmake
[8.051s] -- Installing: /home/j/e2e_ws/install/yolo_msgs/share/yolo_msgs/cmake/yolo_msgs__rosidl_typesupport_cppExport-noconfig.cmake
[8.052s] -- Installing: /home/j/e2e_ws/install/yolo_msgs/share/yolo_msgs/cmake/export_yolo_msgs__rosidl_generator_pyExport.cmake
[8.052s] -- Installing: /home/j/e2e_ws/install/yolo_msgs/share/yolo_msgs/cmake/export_yolo_msgs__rosidl_generator_pyExport-noconfig.cmake
[8.052s] -- Installing: /home/j/e2e_ws/install/yolo_msgs/share/yolo_msgs/cmake/rosidl_cmake-extras.cmake
[8.052s] -- Installing: /home/j/e2e_ws/install/yolo_msgs/share/yolo_msgs/cmake/ament_cmake_export_dependencies-extras.cmake
[8.052s] -- Installing: /home/j/e2e_ws/install/yolo_msgs/share/yolo_msgs/cmake/ament_cmake_export_include_directories-extras.cmake
[8.052s] -- Installing: /home/j/e2e_ws/install/yolo_msgs/share/yolo_msgs/cmake/ament_cmake_export_libraries-extras.cmake
[8.052s] -- Installing: /home/j/e2e_ws/install/yolo_msgs/share/yolo_msgs/cmake/ament_cmake_export_targets-extras.cmake
[8.052s] -- Installing: /home/j/e2e_ws/install/yolo_msgs/share/yolo_msgs/cmake/rosidl_cmake_export_typesupport_targets-extras.cmake
[8.053s] -- Installing: /home/j/e2e_ws/install/yolo_msgs/share/yolo_msgs/cmake/rosidl_cmake_export_typesupport_libraries-extras.cmake
[8.053s] -- Installing: /home/j/e2e_ws/install/yolo_msgs/share/yolo_msgs/cmake/yolo_msgsConfig.cmake
[8.053s] -- Installing: /home/j/e2e_ws/install/yolo_msgs/share/yolo_msgs/cmake/yolo_msgsConfig-version.cmake
[8.053s] -- Installing: /home/j/e2e_ws/install/yolo_msgs/share/yolo_msgs/package.xml
[8.056s] Invoked command in '/home/j/e2e_ws/build/yolo_msgs' returned '0': CMAKE_PREFIX_PATH=${CMAKE_PREFIX_PATH}:/home/j/e2e_ws/install/yolo_ros:/home/j/e2e_ws/install/ros2_aruco:/opt/ros/humble /usr/bin/cmake --install /home/j/e2e_ws/build/yolo_msgs
