running develop
Removing /home/j/e2e_ws/install/image_fusion/lib/python3.10/site-packages/image-fusion.egg-link (link to .)
running egg_info
writing ../../build/image_fusion/image_fusion.egg-info/PKG-INFO
writing dependency_links to ../../build/image_fusion/image_fusion.egg-info/dependency_links.txt
writing entry points to ../../build/image_fusion/image_fusion.egg-info/entry_points.txt
writing requirements to ../../build/image_fusion/image_fusion.egg-info/requires.txt
writing top-level names to ../../build/image_fusion/image_fusion.egg-info/top_level.txt
reading manifest file '../../build/image_fusion/image_fusion.egg-info/SOURCES.txt'
writing manifest file '../../build/image_fusion/image_fusion.egg-info/SOURCES.txt'
running build
running build_py
creating /home/j/e2e_ws/build/image_fusion/build
creating /home/j/e2e_ws/build/image_fusion/build/lib
creating /home/j/e2e_ws/build/image_fusion/build/lib/image_fusion
copying image_fusion/image_fusion_node.py -> /home/j/e2e_ws/build/image_fusion/build/lib/image_fusion
copying image_fusion/__init__.py -> /home/j/e2e_ws/build/image_fusion/build/lib/image_fusion
running install
running install_lib
creating /home/j/e2e_ws/install/image_fusion/lib/python3.10/site-packages/image_fusion
copying /home/j/e2e_ws/build/image_fusion/build/lib/image_fusion/image_fusion_node.py -> /home/j/e2e_ws/install/image_fusion/lib/python3.10/site-packages/image_fusion
copying /home/j/e2e_ws/build/image_fusion/build/lib/image_fusion/__init__.py -> /home/j/e2e_ws/install/image_fusion/lib/python3.10/site-packages/image_fusion
byte-compiling /home/j/e2e_ws/install/image_fusion/lib/python3.10/site-packages/image_fusion/image_fusion_node.py to image_fusion_node.cpython-310.pyc
byte-compiling /home/j/e2e_ws/install/image_fusion/lib/python3.10/site-packages/image_fusion/__init__.py to __init__.cpython-310.pyc
running install_data
copying resource/image_fusion -> /home/j/e2e_ws/install/image_fusion/share/ament_index/resource_index/packages
copying package.xml -> /home/j/e2e_ws/install/image_fusion/share/image_fusion
copying launch/image_fusion_launch.py -> /home/j/e2e_ws/install/image_fusion/share/image_fusion/launch
running install_egg_info
Copying ../../build/image_fusion/image_fusion.egg-info to /home/j/e2e_ws/install/image_fusion/lib/python3.10/site-packages/image_fusion-0.1.0-py3.10.egg-info
running install_scripts
Installing image_fusion_node script to /home/j/e2e_ws/install/image_fusion/bin
writing list of installed files to '/home/j/e2e_ws/build/image_fusion/install.log'
