[0.016s] Invoking command in '/home/j/e2e_ws/build/e2e_meta': CMAKE_PREFIX_PATH=${CMAKE_PREFIX_PATH}:/home/j/e2e_ws/install/yolo_ros:/home/j/e2e_ws/install/ros2_aruco:/opt/ros/humble /usr/bin/cmake --build /home/j/e2e_ws/build/e2e_meta -- -j22 -l22
[0.227s] Invoked command in '/home/j/e2e_ws/build/e2e_meta' returned '0': CMAKE_PREFIX_PATH=${CMAKE_PREFIX_PATH}:/home/j/e2e_ws/install/yolo_ros:/home/j/e2e_ws/install/ros2_aruco:/opt/ros/humble /usr/bin/cmake --build /home/j/e2e_ws/build/e2e_meta -- -j22 -l22
[0.235s] Invoking command in '/home/j/e2e_ws/build/e2e_meta': CMAKE_PREFIX_PATH=${CMAKE_PREFIX_PATH}:/home/j/e2e_ws/install/yolo_ros:/home/j/e2e_ws/install/ros2_aruco:/opt/ros/humble /usr/bin/cmake --install /home/j/e2e_ws/build/e2e_meta
[0.240s] -- Install configuration: ""
[0.240s] -- Up-to-date: /home/j/e2e_ws/install/e2e_meta/share/ament_index/resource_index/package_run_dependencies/e2e_meta
[0.240s] -- Up-to-date: /home/j/e2e_ws/install/e2e_meta/share/ament_index/resource_index/parent_prefix_path/e2e_meta
[0.240s] -- Up-to-date: /home/j/e2e_ws/install/e2e_meta/share/e2e_meta/environment/ament_prefix_path.sh
[0.241s] -- Up-to-date: /home/j/e2e_ws/install/e2e_meta/share/e2e_meta/environment/ament_prefix_path.dsv
[0.241s] -- Up-to-date: /home/j/e2e_ws/install/e2e_meta/share/e2e_meta/environment/path.sh
[0.241s] -- Up-to-date: /home/j/e2e_ws/install/e2e_meta/share/e2e_meta/environment/path.dsv
[0.241s] -- Up-to-date: /home/j/e2e_ws/install/e2e_meta/share/e2e_meta/local_setup.bash
[0.241s] -- Up-to-date: /home/j/e2e_ws/install/e2e_meta/share/e2e_meta/local_setup.sh
[0.241s] -- Up-to-date: /home/j/e2e_ws/install/e2e_meta/share/e2e_meta/local_setup.zsh
[0.241s] -- Up-to-date: /home/j/e2e_ws/install/e2e_meta/share/e2e_meta/local_setup.dsv
[0.241s] -- Up-to-date: /home/j/e2e_ws/install/e2e_meta/share/e2e_meta/package.dsv
[0.241s] -- Up-to-date: /home/j/e2e_ws/install/e2e_meta/share/ament_index/resource_index/packages/e2e_meta
[0.241s] -- Up-to-date: /home/j/e2e_ws/install/e2e_meta/share/e2e_meta/cmake/e2e_metaConfig.cmake
[0.241s] -- Up-to-date: /home/j/e2e_ws/install/e2e_meta/share/e2e_meta/cmake/e2e_metaConfig-version.cmake
[0.241s] -- Up-to-date: /home/j/e2e_ws/install/e2e_meta/share/e2e_meta/package.xml
[0.243s] Invoked command in '/home/j/e2e_ws/build/e2e_meta' returned '0': CMAKE_PREFIX_PATH=${CMAKE_PREFIX_PATH}:/home/j/e2e_ws/install/yolo_ros:/home/j/e2e_ws/install/ros2_aruco:/opt/ros/humble /usr/bin/cmake --install /home/j/e2e_ws/build/e2e_meta
