[0.629s] Invoking command in '/home/j/e2e_ws/src/image_fusion': CMAKE_PREFIX_PATH=/home/j/e2e_ws/install/yolo_msgs:/home/j/e2e_ws/install/image_fusion:/home/j/e2e_ws/install/yolo_bringup:/home/j/e2e_ws/install/image_fusion_node:/home/j/e2e_ws/install/turtlebot3_simulations:/home/j/e2e_ws/install/turtlebot3_gazebo:/home/j/e2e_ws/install/turtlebot3_fake_node:/home/j/e2e_ws/install/ros2_aruco_interfaces:/home/j/e2e_ws/install/e2e_meta:/home/j/e2e_ws/install/delbot PYTHONPATH=/home/j/e2e_ws/build/image_fusion/prefix_override:/usr/lib/python3/dist-packages/colcon_core/task/python/colcon_distutils_commands:/home/j/e2e_ws/install/image_fusion/lib/python3.10/site-packages:${PYTHONPATH} /usr/bin/python3 -W ignore:setup.py install is deprecated -W ignore:easy_install command is deprecated setup.py egg_info --egg-base ../../build/image_fusion build --build-base /home/j/e2e_ws/build/image_fusion/build install --record /home/j/e2e_ws/build/image_fusion/install.log --single-version-externally-managed install_data
[0.808s] running egg_info
[0.808s] writing ../../build/image_fusion/image_fusion.egg-info/PKG-INFO
[0.808s] writing dependency_links to ../../build/image_fusion/image_fusion.egg-info/dependency_links.txt
[0.808s] writing entry points to ../../build/image_fusion/image_fusion.egg-info/entry_points.txt
[0.808s] writing requirements to ../../build/image_fusion/image_fusion.egg-info/requires.txt
[0.808s] writing top-level names to ../../build/image_fusion/image_fusion.egg-info/top_level.txt
[0.810s] reading manifest file '../../build/image_fusion/image_fusion.egg-info/SOURCES.txt'
[0.810s] writing manifest file '../../build/image_fusion/image_fusion.egg-info/SOURCES.txt'
[0.810s] running build
[0.810s] running build_py
[0.810s] running install
[0.811s] running install_lib
[0.811s] running install_data
[0.811s] running install_egg_info
[0.813s] removing '/home/j/e2e_ws/install/image_fusion/lib/python3.10/site-packages/image_fusion-0.1.0-py3.10.egg-info' (and everything under it)
[0.813s] Copying ../../build/image_fusion/image_fusion.egg-info to /home/j/e2e_ws/install/image_fusion/lib/python3.10/site-packages/image_fusion-0.1.0-py3.10.egg-info
[0.813s] running install_scripts
[0.829s] Installing image_fusion_node script to /home/j/e2e_ws/install/image_fusion/bin
[0.829s] writing list of installed files to '/home/j/e2e_ws/build/image_fusion/install.log'
[0.847s] Invoked command in '/home/j/e2e_ws/src/image_fusion' returned '0': CMAKE_PREFIX_PATH=/home/j/e2e_ws/install/yolo_msgs:/home/j/e2e_ws/install/image_fusion:/home/j/e2e_ws/install/yolo_bringup:/home/j/e2e_ws/install/image_fusion_node:/home/j/e2e_ws/install/turtlebot3_simulations:/home/j/e2e_ws/install/turtlebot3_gazebo:/home/j/e2e_ws/install/turtlebot3_fake_node:/home/j/e2e_ws/install/ros2_aruco_interfaces:/home/j/e2e_ws/install/e2e_meta:/home/j/e2e_ws/install/delbot PYTHONPATH=/home/j/e2e_ws/build/image_fusion/prefix_override:/usr/lib/python3/dist-packages/colcon_core/task/python/colcon_distutils_commands:/home/j/e2e_ws/install/image_fusion/lib/python3.10/site-packages:${PYTHONPATH} /usr/bin/python3 -W ignore:setup.py install is deprecated -W ignore:easy_install command is deprecated setup.py egg_info --egg-base ../../build/image_fusion build --build-base /home/j/e2e_ws/build/image_fusion/build install --record /home/j/e2e_ws/build/image_fusion/install.log --single-version-externally-managed install_data
