[0.413s] Invoking command in '/home/j/e2e_ws/src/ros2_aruco/ros2_aruco': PYTHONPATH=/home/j/e2e_ws/build/ros2_aruco/prefix_override:/usr/lib/python3/dist-packages/colcon_core/task/python/colcon_distutils_commands:/home/j/e2e_ws/install/ros2_aruco/lib/python3.10/site-packages:${PYTHONPATH} /usr/bin/python3 -W ignore:setup.py install is deprecated -W ignore:easy_install command is deprecated setup.py egg_info --egg-base ../../../build/ros2_aruco build --build-base /home/j/e2e_ws/build/ros2_aruco/build install --record /home/j/e2e_ws/build/ros2_aruco/install.log --single-version-externally-managed install_data
[0.590s] running egg_info
[0.590s] creating ../../../build/ros2_aruco/ros2_aruco.egg-info
[0.591s] writing ../../../build/ros2_aruco/ros2_aruco.egg-info/PKG-INFO
[0.591s] writing dependency_links to ../../../build/ros2_aruco/ros2_aruco.egg-info/dependency_links.txt
[0.591s] writing entry points to ../../../build/ros2_aruco/ros2_aruco.egg-info/entry_points.txt
[0.592s] writing requirements to ../../../build/ros2_aruco/ros2_aruco.egg-info/requires.txt
[0.593s] writing top-level names to ../../../build/ros2_aruco/ros2_aruco.egg-info/top_level.txt
[0.593s] writing manifest file '../../../build/ros2_aruco/ros2_aruco.egg-info/SOURCES.txt'
[0.593s] reading manifest file '../../../build/ros2_aruco/ros2_aruco.egg-info/SOURCES.txt'
[0.593s] writing manifest file '../../../build/ros2_aruco/ros2_aruco.egg-info/SOURCES.txt'
[0.593s] running build
[0.593s] running build_py
[0.593s] creating /home/j/e2e_ws/build/ros2_aruco/build
[0.594s] creating /home/j/e2e_ws/build/ros2_aruco/build/lib
[0.594s] creating /home/j/e2e_ws/build/ros2_aruco/build/lib/ros2_aruco
[0.594s] copying ros2_aruco/aruco_generate_marker.py -> /home/j/e2e_ws/build/ros2_aruco/build/lib/ros2_aruco
[0.594s] copying ros2_aruco/__init__.py -> /home/j/e2e_ws/build/ros2_aruco/build/lib/ros2_aruco
[0.594s] copying ros2_aruco/aruco_node.py -> /home/j/e2e_ws/build/ros2_aruco/build/lib/ros2_aruco
[0.594s] running install
[0.594s] running install_lib
[0.594s] creating /home/j/e2e_ws/install/ros2_aruco/lib/python3.10/site-packages/ros2_aruco
[0.594s] copying /home/j/e2e_ws/build/ros2_aruco/build/lib/ros2_aruco/aruco_generate_marker.py -> /home/j/e2e_ws/install/ros2_aruco/lib/python3.10/site-packages/ros2_aruco
[0.594s] copying /home/j/e2e_ws/build/ros2_aruco/build/lib/ros2_aruco/__init__.py -> /home/j/e2e_ws/install/ros2_aruco/lib/python3.10/site-packages/ros2_aruco
[0.594s] copying /home/j/e2e_ws/build/ros2_aruco/build/lib/ros2_aruco/aruco_node.py -> /home/j/e2e_ws/install/ros2_aruco/lib/python3.10/site-packages/ros2_aruco
[0.594s] byte-compiling /home/j/e2e_ws/install/ros2_aruco/lib/python3.10/site-packages/ros2_aruco/aruco_generate_marker.py to aruco_generate_marker.cpython-310.pyc
[0.595s] byte-compiling /home/j/e2e_ws/install/ros2_aruco/lib/python3.10/site-packages/ros2_aruco/__init__.py to __init__.cpython-310.pyc
[0.595s] byte-compiling /home/j/e2e_ws/install/ros2_aruco/lib/python3.10/site-packages/ros2_aruco/aruco_node.py to aruco_node.cpython-310.pyc
[0.595s] running install_data
[0.595s] creating /home/j/e2e_ws/install/ros2_aruco/share/ament_index
[0.595s] creating /home/j/e2e_ws/install/ros2_aruco/share/ament_index/resource_index
[0.596s] creating /home/j/e2e_ws/install/ros2_aruco/share/ament_index/resource_index/packages
[0.596s] copying resource/ros2_aruco -> /home/j/e2e_ws/install/ros2_aruco/share/ament_index/resource_index/packages
[0.596s] copying package.xml -> /home/j/e2e_ws/install/ros2_aruco/share/ros2_aruco
[0.596s] creating /home/j/e2e_ws/install/ros2_aruco/share/ros2_aruco/launch
[0.596s] copying launch/aruco_recognition.launch.py -> /home/j/e2e_ws/install/ros2_aruco/share/ros2_aruco/launch
[0.596s] creating /home/j/e2e_ws/install/ros2_aruco/share/ros2_aruco/config
[0.596s] copying config/aruco_parameters.yaml -> /home/j/e2e_ws/install/ros2_aruco/share/ros2_aruco/config
[0.596s] running install_egg_info
[0.597s] Copying ../../../build/ros2_aruco/ros2_aruco.egg-info to /home/j/e2e_ws/install/ros2_aruco/lib/python3.10/site-packages/ros2_aruco-0.1.0-py3.10.egg-info
[0.597s] running install_scripts
[0.613s] Installing aruco_generate_marker script to /home/j/e2e_ws/install/ros2_aruco/lib/ros2_aruco
[0.613s] Installing aruco_node script to /home/j/e2e_ws/install/ros2_aruco/lib/ros2_aruco
[0.613s] writing list of installed files to '/home/j/e2e_ws/build/ros2_aruco/install.log'
[0.633s] Invoked command in '/home/j/e2e_ws/src/ros2_aruco/ros2_aruco' returned '0': PYTHONPATH=/home/j/e2e_ws/build/ros2_aruco/prefix_override:/usr/lib/python3/dist-packages/colcon_core/task/python/colcon_distutils_commands:/home/j/e2e_ws/install/ros2_aruco/lib/python3.10/site-packages:${PYTHONPATH} /usr/bin/python3 -W ignore:setup.py install is deprecated -W ignore:easy_install command is deprecated setup.py egg_info --egg-base ../../../build/ros2_aruco build --build-base /home/j/e2e_ws/build/ros2_aruco/build install --record /home/j/e2e_ws/build/ros2_aruco/install.log --single-version-externally-managed install_data
