running egg_info
writing ../../build/image_fusion/image_fusion.egg-info/PKG-INFO
writing dependency_links to ../../build/image_fusion/image_fusion.egg-info/dependency_links.txt
writing entry points to ../../build/image_fusion/image_fusion.egg-info/entry_points.txt
writing requirements to ../../build/image_fusion/image_fusion.egg-info/requires.txt
writing top-level names to ../../build/image_fusion/image_fusion.egg-info/top_level.txt
reading manifest file '../../build/image_fusion/image_fusion.egg-info/SOURCES.txt'
writing manifest file '../../build/image_fusion/image_fusion.egg-info/SOURCES.txt'
running build
running build_py
copying image_fusion/image_fusion_node.py -> /home/j/e2e_ws/build/image_fusion/build/lib/image_fusion
running install
running install_lib
copying /home/j/e2e_ws/build/image_fusion/build/lib/image_fusion/image_fusion_node.py -> /home/j/e2e_ws/install/image_fusion/lib/python3.10/site-packages/image_fusion
byte-compiling /home/j/e2e_ws/install/image_fusion/lib/python3.10/site-packages/image_fusion/image_fusion_node.py to image_fusion_node.cpython-310.pyc
running install_data
running install_egg_info
removing '/home/j/e2e_ws/install/image_fusion/lib/python3.10/site-packages/image_fusion-0.1.0-py3.10.egg-info' (and everything under it)
Copying ../../build/image_fusion/image_fusion.egg-info to /home/j/e2e_ws/install/image_fusion/lib/python3.10/site-packages/image_fusion-0.1.0-py3.10.egg-info
running install_scripts
Installing image_fusion_node script to /home/j/e2e_ws/install/image_fusion/lib/image_fusion
writing list of installed files to '/home/j/e2e_ws/build/image_fusion/install.log'
