[1.573s] Invoking command in '/home/j/e2e_ws/src/image_fusion': CMAKE_PREFIX_PATH=/home/j/e2e_ws/install/yolo_msgs:/home/j/e2e_ws/install/image_fusion:/home/j/e2e_ws/install/yolo_bringup:/home/j/e2e_ws/install/image_fusion_node:/home/j/e2e_ws/install/turtlebot3_simulations:/home/j/e2e_ws/install/turtlebot3_gazebo:/home/j/e2e_ws/install/turtlebot3_fake_node:/home/j/e2e_ws/install/ros2_aruco_interfaces:/home/j/e2e_ws/install/e2e_meta:/home/j/e2e_ws/install/delbot PYTHONPATH=/home/j/e2e_ws/build/image_fusion/prefix_override:/usr/lib/python3/dist-packages/colcon_core/task/python/colcon_distutils_commands:/home/j/e2e_ws/install/image_fusion/lib/python3.10/site-packages:${PYTHONPATH} /usr/bin/python3 -W ignore:setup.py install is deprecated -W ignore:easy_install command is deprecated setup.py egg_info --egg-base ../../build/image_fusion build --build-base /home/j/e2e_ws/build/image_fusion/build install --record /home/j/e2e_ws/build/image_fusion/install.log --single-version-externally-managed install_data
[1.983s] running egg_info
[1.988s] writing ../../build/image_fusion/image_fusion.egg-info/PKG-INFO
[1.988s] writing dependency_links to ../../build/image_fusion/image_fusion.egg-info/dependency_links.txt
[1.988s] writing entry points to ../../build/image_fusion/image_fusion.egg-info/entry_points.txt
[1.988s] writing requirements to ../../build/image_fusion/image_fusion.egg-info/requires.txt
[1.988s] writing top-level names to ../../build/image_fusion/image_fusion.egg-info/top_level.txt
[1.990s] reading manifest file '../../build/image_fusion/image_fusion.egg-info/SOURCES.txt'
[1.990s] writing manifest file '../../build/image_fusion/image_fusion.egg-info/SOURCES.txt'
[1.990s] running build
[1.990s] running build_py
[1.991s] copying image_fusion/image_fusion_node.py -> /home/j/e2e_ws/build/image_fusion/build/lib/image_fusion
[1.991s] running install
[1.991s] running install_lib
[1.992s] copying /home/j/e2e_ws/build/image_fusion/build/lib/image_fusion/image_fusion_node.py -> /home/j/e2e_ws/install/image_fusion/lib/python3.10/site-packages/image_fusion
[1.993s] byte-compiling /home/j/e2e_ws/install/image_fusion/lib/python3.10/site-packages/image_fusion/image_fusion_node.py to image_fusion_node.cpython-310.pyc
[1.996s] running install_data
[1.996s] running install_egg_info
[1.999s] removing '/home/j/e2e_ws/install/image_fusion/lib/python3.10/site-packages/image_fusion-0.1.0-py3.10.egg-info' (and everything under it)
[2.000s] Copying ../../build/image_fusion/image_fusion.egg-info to /home/j/e2e_ws/install/image_fusion/lib/python3.10/site-packages/image_fusion-0.1.0-py3.10.egg-info
[2.001s] running install_scripts
[2.039s] Installing image_fusion_node script to /home/j/e2e_ws/install/image_fusion/lib/image_fusion
[2.039s] writing list of installed files to '/home/j/e2e_ws/build/image_fusion/install.log'
[2.090s] Invoked command in '/home/j/e2e_ws/src/image_fusion' returned '0': CMAKE_PREFIX_PATH=/home/j/e2e_ws/install/yolo_msgs:/home/j/e2e_ws/install/image_fusion:/home/j/e2e_ws/install/yolo_bringup:/home/j/e2e_ws/install/image_fusion_node:/home/j/e2e_ws/install/turtlebot3_simulations:/home/j/e2e_ws/install/turtlebot3_gazebo:/home/j/e2e_ws/install/turtlebot3_fake_node:/home/j/e2e_ws/install/ros2_aruco_interfaces:/home/j/e2e_ws/install/e2e_meta:/home/j/e2e_ws/install/delbot PYTHONPATH=/home/j/e2e_ws/build/image_fusion/prefix_override:/usr/lib/python3/dist-packages/colcon_core/task/python/colcon_distutils_commands:/home/j/e2e_ws/install/image_fusion/lib/python3.10/site-packages:${PYTHONPATH} /usr/bin/python3 -W ignore:setup.py install is deprecated -W ignore:easy_install command is deprecated setup.py egg_info --egg-base ../../build/image_fusion build --build-base /home/j/e2e_ws/build/image_fusion/build install --record /home/j/e2e_ws/build/image_fusion/install.log --single-version-externally-managed install_data
