running develop
running egg_info
creating image_fusion.egg-info
writing image_fusion.egg-info/PKG-INFO
writing dependency_links to image_fusion.egg-info/dependency_links.txt
writing entry points to image_fusion.egg-info/entry_points.txt
writing requirements to image_fusion.egg-info/requires.txt
writing top-level names to image_fusion.egg-info/top_level.txt
writing manifest file 'image_fusion.egg-info/SOURCES.txt'
reading manifest file 'image_fusion.egg-info/SOURCES.txt'
writing manifest file 'image_fusion.egg-info/SOURCES.txt'
running build_ext
Creating /home/j/e2e_ws/install/image_fusion/lib/python3.10/site-packages/image-fusion.egg-link (link to .)
Installing image_fusion_node script to /home/j/e2e_ws/install/image_fusion/bin

Installed /home/j/e2e_ws/build/image_fusion
running symlink_data
creating /home/j/e2e_ws/install/image_fusion/share/ament_index
creating /home/j/e2e_ws/install/image_fusion/share/ament_index/resource_index
creating /home/j/e2e_ws/install/image_fusion/share/ament_index/resource_index/packages
symbolically linking /home/j/e2e_ws/build/image_fusion/resource/image_fusion -> /home/j/e2e_ws/install/image_fusion/share/ament_index/resource_index/packages
symbolically linking /home/j/e2e_ws/build/image_fusion/package.xml -> /home/j/e2e_ws/install/image_fusion/share/image_fusion
creating /home/j/e2e_ws/install/image_fusion/share/image_fusion/launch
symbolically linking /home/j/e2e_ws/build/image_fusion/launch/image_fusion_launch.py -> /home/j/e2e_ws/install/image_fusion/share/image_fusion/launch
