[0.364s] Invoking command in '/home/j/e2e_ws/build/image_fusion': CMAKE_PREFIX_PATH=/home/j/e2e_ws/install/yolo_msgs:/home/j/e2e_ws/install/image_fusion:/home/j/e2e_ws/install/yolo_bringup:/home/j/e2e_ws/install/image_fusion_node:/home/j/e2e_ws/install/turtlebot3_simulations:/home/j/e2e_ws/install/turtlebot3_gazebo:/home/j/e2e_ws/install/turtlebot3_fake_node:/home/j/e2e_ws/install/ros2_aruco_interfaces:/home/j/e2e_ws/install/e2e_meta:/home/j/e2e_ws/install/delbot PYTHONPATH=/home/j/e2e_ws/build/image_fusion/prefix_override:/usr/lib/python3/dist-packages/colcon_core/task/python/colcon_distutils_commands:/home/j/e2e_ws/install/image_fusion/lib/python3.10/site-packages:${PYTHONPATH} /usr/bin/python3 -W ignore:setup.py install is deprecated -W ignore:easy_install command is deprecated setup.py develop --editable --build-directory /home/j/e2e_ws/build/image_fusion/build --no-deps symlink_data
[0.544s] running develop
[0.639s] running egg_info
[0.639s] creating image_fusion.egg-info
[0.639s] writing image_fusion.egg-info/PKG-INFO
[0.640s] writing dependency_links to image_fusion.egg-info/dependency_links.txt
[0.640s] writing entry points to image_fusion.egg-info/entry_points.txt
[0.640s] writing requirements to image_fusion.egg-info/requires.txt
[0.640s] writing top-level names to image_fusion.egg-info/top_level.txt
[0.640s] writing manifest file 'image_fusion.egg-info/SOURCES.txt'
[0.641s] reading manifest file 'image_fusion.egg-info/SOURCES.txt'
[0.641s] writing manifest file 'image_fusion.egg-info/SOURCES.txt'
[0.642s] running build_ext
[0.642s] Creating /home/j/e2e_ws/install/image_fusion/lib/python3.10/site-packages/image-fusion.egg-link (link to .)
[0.643s] Installing image_fusion_node script to /home/j/e2e_ws/install/image_fusion/bin
[0.643s] 
[0.643s] Installed /home/j/e2e_ws/build/image_fusion
[0.643s] running symlink_data
[0.643s] creating /home/j/e2e_ws/install/image_fusion/share/ament_index
[0.643s] creating /home/j/e2e_ws/install/image_fusion/share/ament_index/resource_index
[0.643s] creating /home/j/e2e_ws/install/image_fusion/share/ament_index/resource_index/packages
[0.643s] symbolically linking /home/j/e2e_ws/build/image_fusion/resource/image_fusion -> /home/j/e2e_ws/install/image_fusion/share/ament_index/resource_index/packages
[0.643s] symbolically linking /home/j/e2e_ws/build/image_fusion/package.xml -> /home/j/e2e_ws/install/image_fusion/share/image_fusion
[0.643s] creating /home/j/e2e_ws/install/image_fusion/share/image_fusion/launch
[0.643s] symbolically linking /home/j/e2e_ws/build/image_fusion/launch/image_fusion_launch.py -> /home/j/e2e_ws/install/image_fusion/share/image_fusion/launch
[0.659s] Invoked command in '/home/j/e2e_ws/build/image_fusion' returned '0': CMAKE_PREFIX_PATH=/home/j/e2e_ws/install/yolo_msgs:/home/j/e2e_ws/install/image_fusion:/home/j/e2e_ws/install/yolo_bringup:/home/j/e2e_ws/install/image_fusion_node:/home/j/e2e_ws/install/turtlebot3_simulations:/home/j/e2e_ws/install/turtlebot3_gazebo:/home/j/e2e_ws/install/turtlebot3_fake_node:/home/j/e2e_ws/install/ros2_aruco_interfaces:/home/j/e2e_ws/install/e2e_meta:/home/j/e2e_ws/install/delbot PYTHONPATH=/home/j/e2e_ws/build/image_fusion/prefix_override:/usr/lib/python3/dist-packages/colcon_core/task/python/colcon_distutils_commands:/home/j/e2e_ws/install/image_fusion/lib/python3.10/site-packages:${PYTHONPATH} /usr/bin/python3 -W ignore:setup.py install is deprecated -W ignore:easy_install command is deprecated setup.py develop --editable --build-directory /home/j/e2e_ws/build/image_fusion/build --no-deps symlink_data
